Archive member included to satisfy reference by file (symbol)

.build/obj_karlk90_yaemk_moonlanderlike/i2c_master.a(i2c_master.o)
                              .build/obj_karlk90_yaemk_moonlanderlike/eeprom_i2c.o (symbol from plugin) (i2c_init)
.build/obj_karlk90_yaemk_moonlanderlike/serial_usart.a(serial_usart.o)
                              .build/obj_karlk90_yaemk_moonlanderlike/quantum/split_common/transport.o (symbol from plugin) (soft_serial_target_init)
/usr/lib/gcc/arm-none-eabi/10.3.1/thumb/v7e-m+fp/hard/libgcc.a(_aeabi_ldivmod.o)
                              .build/obj_karlk90_yaemk_moonlanderlike/i2c_master.a(i2c_master.o) (__aeabi_ldivmod)
/usr/lib/gcc/arm-none-eabi/10.3.1/thumb/v7e-m+fp/hard/libgcc.a(_aeabi_uldivmod.o)
                              .build/obj_karlk90_yaemk_moonlanderlike/i2c_master.a(i2c_master.o) (__aeabi_uldivmod)
/usr/lib/gcc/arm-none-eabi/10.3.1/thumb/v7e-m+fp/hard/libgcc.a(_udivmoddi4.o)
                              /usr/lib/gcc/arm-none-eabi/10.3.1/thumb/v7e-m+fp/hard/libgcc.a(_aeabi_ldivmod.o) (__udivmoddi4)
/usr/lib/gcc/arm-none-eabi/10.3.1/thumb/v7e-m+fp/hard/libgcc.a(_dvmd_tls.o)
                              /usr/lib/gcc/arm-none-eabi/10.3.1/thumb/v7e-m+fp/hard/libgcc.a(_aeabi_ldivmod.o) (__aeabi_ldiv0)
/usr/lib/gcc/arm-none-eabi/10.3.1/../../../arm-none-eabi/lib/thumb/v7e-m+fp/hard/libg_nano.a(lib_a-ctype_.o)
                              .build/obj_karlk90_yaemk_moonlanderlike/quantum/send_string.o (symbol from plugin) (_ctype_)
/usr/lib/gcc/arm-none-eabi/10.3.1/../../../arm-none-eabi/lib/thumb/v7e-m+fp/hard/libg_nano.a(lib_a-errno.o)
                              .build/obj_karlk90_yaemk/common/chibios/syscall-fallbacks.o (symbol from plugin) (__errno)
/usr/lib/gcc/arm-none-eabi/10.3.1/../../../arm-none-eabi/lib/thumb/v7e-m+fp/hard/libg_nano.a(lib_a-impure.o)
                              /usr/lib/gcc/arm-none-eabi/10.3.1/../../../arm-none-eabi/lib/thumb/v7e-m+fp/hard/libg_nano.a(lib_a-errno.o) (_impure_ptr)
/usr/lib/gcc/arm-none-eabi/10.3.1/../../../arm-none-eabi/lib/thumb/v7e-m+fp/hard/libg_nano.a(lib_a-memcpy.o)
                              .build/obj_karlk90_yaemk_moonlanderlike/i2c_master.a(i2c_master.o) (memcpy)
/usr/lib/gcc/arm-none-eabi/10.3.1/../../../arm-none-eabi/lib/thumb/v7e-m+fp/hard/libg_nano.a(lib_a-rand.o)
                              .build/obj_karlk90_yaemk_moonlanderlike/quantum/send_string.o (symbol from plugin) (rand)
/usr/lib/gcc/arm-none-eabi/10.3.1/../../../arm-none-eabi/lib/thumb/v7e-m+fp/hard/libg_nano.a(lib_a-assert.o)
                              /usr/lib/gcc/arm-none-eabi/10.3.1/../../../arm-none-eabi/lib/thumb/v7e-m+fp/hard/libg_nano.a(lib_a-rand.o) (__assert_func)
/usr/lib/gcc/arm-none-eabi/10.3.1/../../../arm-none-eabi/lib/thumb/v7e-m+fp/hard/libg_nano.a(lib_a-fprintf.o)
                              /usr/lib/gcc/arm-none-eabi/10.3.1/../../../arm-none-eabi/lib/thumb/v7e-m+fp/hard/libg_nano.a(lib_a-assert.o) (fiprintf)
/usr/lib/gcc/arm-none-eabi/10.3.1/../../../arm-none-eabi/lib/thumb/v7e-m+fp/hard/libg_nano.a(lib_a-malloc.o)
                              /usr/lib/gcc/arm-none-eabi/10.3.1/../../../arm-none-eabi/lib/thumb/v7e-m+fp/hard/libg_nano.a(lib_a-rand.o) (malloc)
/usr/lib/gcc/arm-none-eabi/10.3.1/../../../arm-none-eabi/lib/thumb/v7e-m+fp/hard/libg_nano.a(lib_a-nano-freer.o)
                              /usr/lib/gcc/arm-none-eabi/10.3.1/../../../arm-none-eabi/lib/thumb/v7e-m+fp/hard/libg_nano.a(lib_a-malloc.o) (_free_r)
/usr/lib/gcc/arm-none-eabi/10.3.1/../../../arm-none-eabi/lib/thumb/v7e-m+fp/hard/libg_nano.a(lib_a-nano-mallocr.o)
                              /usr/lib/gcc/arm-none-eabi/10.3.1/../../../arm-none-eabi/lib/thumb/v7e-m+fp/hard/libg_nano.a(lib_a-malloc.o) (_malloc_r)
/usr/lib/gcc/arm-none-eabi/10.3.1/../../../arm-none-eabi/lib/thumb/v7e-m+fp/hard/libg_nano.a(lib_a-nano-vfprintf.o)
                              /usr/lib/gcc/arm-none-eabi/10.3.1/../../../arm-none-eabi/lib/thumb/v7e-m+fp/hard/libg_nano.a(lib_a-fprintf.o) (_vfprintf_r)
/usr/lib/gcc/arm-none-eabi/10.3.1/../../../arm-none-eabi/lib/thumb/v7e-m+fp/hard/libg_nano.a(lib_a-nano-vfprintf_i.o)
                              /usr/lib/gcc/arm-none-eabi/10.3.1/../../../arm-none-eabi/lib/thumb/v7e-m+fp/hard/libg_nano.a(lib_a-nano-vfprintf.o) (_printf_i)
/usr/lib/gcc/arm-none-eabi/10.3.1/../../../arm-none-eabi/lib/thumb/v7e-m+fp/hard/libg_nano.a(lib_a-wbuf.o)
                              /usr/lib/gcc/arm-none-eabi/10.3.1/../../../arm-none-eabi/lib/thumb/v7e-m+fp/hard/libg_nano.a(lib_a-nano-vfprintf.o) (__swbuf_r)
/usr/lib/gcc/arm-none-eabi/10.3.1/../../../arm-none-eabi/lib/thumb/v7e-m+fp/hard/libg_nano.a(lib_a-wsetup.o)
                              /usr/lib/gcc/arm-none-eabi/10.3.1/../../../arm-none-eabi/lib/thumb/v7e-m+fp/hard/libg_nano.a(lib_a-nano-vfprintf.o) (__swsetup_r)
/usr/lib/gcc/arm-none-eabi/10.3.1/../../../arm-none-eabi/lib/thumb/v7e-m+fp/hard/libg_nano.a(lib_a-abort.o)
[...]
Memory Configuration

Name             Origin             Length             Attributes
flash0           0x0000000008000000 0x0000000000040000 xr
flash1           0x0000000000000000 0x0000000000000000 xr
flash2           0x0000000000000000 0x0000000000000000 xr
flash3           0x0000000000000000 0x0000000000000000 xr
flash4           0x0000000000000000 0x0000000000000000 xr
flash5           0x0000000000000000 0x0000000000000000 xr
flash6           0x0000000000000000 0x0000000000000000 xr
flash7           0x0000000000000000 0x0000000000000000 xr
ram0             0x0000000020000000 0x000000000000a000 xw
ram1             0x0000000000000000 0x0000000000000000 xw
ram2             0x0000000000000000 0x0000000000000000 xw
ram3             0x0000000000000000 0x0000000000000000 xw
ram4             0x0000000010000000 0x0000000000002000 xw
ram5             0x0000000000000000 0x0000000000000000 xw
ram6             0x0000000000000000 0x0000000000000000 xw
ram7             0x0000000000000000 0x0000000000000000 xw
*default*        0x0000000000000000 0xffffffffffffffff

Linker script and memory map

LOAD .build/obj_karlk90_yaemk_moonlanderlike/led_config.o
LOAD /tmp/karlk90_yaemk_moonlanderlike.elf.XW0OFi.ltrans0.ltrans.o
LOAD /tmp/karlk90_yaemk_moonlanderlike.elf.XW0OFi.ltrans1.ltrans.o
LOAD /tmp/ccfnEjuh.debug.temp.o
LOAD /tmp/cc0I4f7X.debug.temp.o
LOAD /tmp/cclModur.debug.temp.o
LOAD /tmp/cctRlNqi.debug.temp.o
LOAD /tmp/ccW91Jhp.debug.temp.o
LOAD /tmp/cc1n2tj8.debug.temp.o
LOAD /tmp/ccQek5tM.debug.temp.o
LOAD /tmp/ccy2zO6v.debug.temp.o
LOAD /tmp/ccOBaQrD.debug.temp.o
LOAD /tmp/ccByYric.debug.temp.o
LOAD /tmp/ccpalqtk.debug.temp.o
LOAD /tmp/cc90lmnB.debug.temp.o
LOAD /tmp/ccGI6wID.debug.temp.o
LOAD /tmp/ccncmTqY.debug.temp.o
LOAD /tmp/cc14VErq.debug.temp.o
LOAD /tmp/ccJHiYPW.debug.temp.o
LOAD /tmp/ccs3fqN1.debug.temp.o
LOAD /tmp/ccQRN3Wo.debug.temp.o
LOAD /tmp/ccmAVrlH.debug.temp.o
LOAD /tmp/ccDHRplC.debug.temp.o
LOAD /tmp/ccKbKh4E.debug.temp.o
LOAD /tmp/ccKwh0z5.debug.temp.o
LOAD /tmp/cckzIpwo.debug.temp.o
LOAD /tmp/ccGzjP0w.debug.temp.o
LOAD /tmp/ccXB4Az0.debug.temp.o
LOAD /tmp/ccS614w6.debug.temp.o
LOAD /tmp/cc7Z7BLY.debug.temp.o
LOAD /tmp/cc1oeOTg.debug.temp.o
LOAD /tmp/cclqFKnx.debug.temp.o
LOAD /tmp/ccV71jLk.debug.temp.o
LOAD /tmp/ccSb3YlV.debug.temp.o
LOAD /tmp/ccLgSN5x.debug.temp.o
LOAD /tmp/ccYm6amU.debug.temp.o
LOAD /tmp/ccV2JrjB.debug.temp.o
LOAD /tmp/ccQzfpqF.debug.temp.o
LOAD /tmp/ccvrKOHP.debug.temp.o
LOAD /tmp/ccvsftI7.debug.temp.o
LOAD /tmp/ccNwn336.debug.temp.o
LOAD /tmp/ccS4oibQ.debug.temp.o
LOAD /tmp/cc9usVWf.debug.temp.o
LOAD /tmp/ccDQrsNj.debug.temp.o
LOAD /tmp/cc4TrJZZ.debug.temp.o
LOAD /tmp/ccnqM8Lz.debug.temp.o
LOAD /tmp/ccXHZlTu.debug.temp.o
LOAD /tmp/cc2w2gDW.debug.temp.o
LOAD /tmp/ccf7tNaY.debug.temp.o
LOAD /tmp/ccEP9BKn.debug.temp.o
LOAD /tmp/ccm3qksS.debug.temp.o
LOAD /tmp/ccN3fR2P.debug.temp.o
LOAD /tmp/ccp41CVD.debug.temp.o
LOAD /tmp/ccam8VBf.debug.temp.o
LOAD /tmp/ccNdgF9w.debug.temp.o
LOAD /tmp/ccqNl00u.debug.temp.o
LOAD /tmp/ccu1coHQ.debug.temp.o
LOAD /tmp/cczSDEhq.debug.temp.o
LOAD /tmp/ccEcDonF.debug.temp.o
LOAD /tmp/ccCQ8m0z.debug.temp.o
LOAD /tmp/ccZjDjB6.debug.temp.o
LOAD /tmp/ccQxHeRz.debug.temp.o
LOAD /tmp/ccJefRjC.debug.temp.o
LOAD /tmp/ccfphpFF.debug.temp.o
LOAD /tmp/ccVttbpz.debug.temp.o
LOAD /tmp/cc4mht7u.debug.temp.o
LOAD /tmp/ccpJSHAY.debug.temp.o
LOAD /tmp/ccoFtdrQ.debug.temp.o
LOAD /tmp/ccRcYMk1.debug.temp.o
LOAD /tmp/ccmXFPTE.debug.temp.o
LOAD /tmp/ccdKJVl4.debug.temp.o
LOAD /tmp/ccgVkbea.debug.temp.o
LOAD /tmp/ccg7baGU.debug.temp.o
LOAD /tmp/ccnMlElZ.debug.temp.o
LOAD /tmp/ccQytxMT.debug.temp.o
LOAD /tmp/ccp7JPEI.debug.temp.o
LOAD /tmp/ccP2vrAQ.debug.temp.o
LOAD /tmp/ccl8lVpT.debug.temp.o
LOAD /tmp/cczusIdJ.debug.temp.o
LOAD /tmp/ccQHHhYP.debug.temp.o
LOAD /tmp/ccIiNeEE.debug.temp.o
LOAD /tmp/ccPDrbvp.debug.temp.o
LOAD /tmp/ccjgVyNu.debug.temp.o
LOAD /tmp/ccNwgW33.debug.temp.o
LOAD /tmp/ccFBVBaf.debug.temp.o
LOAD /tmp/cc8jRkpf.debug.temp.o
LOAD /tmp/ccqpTBta.debug.temp.o
LOAD /tmp/cc5DI4mx.debug.temp.o
LOAD /tmp/ccGUYIde.debug.temp.o
LOAD /tmp/ccstMr4o.debug.temp.o
LOAD /tmp/ccC350TJ.debug.temp.o
LOAD /tmp/ccUQnoNd.debug.temp.o
LOAD /tmp/ccTJ2Y4W.debug.temp.o
LOAD /tmp/ccwq0AC1.debug.temp.o
LOAD /tmp/ccbaU3nc.debug.temp.o
LOAD /tmp/cc5jXrRB.debug.temp.o
LOAD /tmp/ccEMmkaj.debug.temp.o
LOAD /tmp/ccgmsmRF.debug.temp.o
LOAD /tmp/ccHML2lH.debug.temp.o
LOAD /tmp/ccJMFkvz.debug.temp.o
LOAD /tmp/cchEO8jd.debug.temp.o
LOAD /tmp/ccDTKQJR.debug.temp.o
LOAD /tmp/cciFjzD0.debug.temp.o
LOAD /tmp/ccYWugn8.debug.temp.o
LOAD /tmp/ccah7oE4.debug.temp.o
LOAD /tmp/ccQ9KqI8.debug.temp.o
LOAD /tmp/ccAVRz5q.debug.temp.o
LOAD /tmp/ccmBW45C.debug.temp.o
LOAD /tmp/cctHkjGq.debug.temp.o
LOAD /tmp/cc0wH7Ww.debug.temp.o
LOAD /tmp/ccX6H7ct.debug.temp.o
LOAD /tmp/ccce0NEG.debug.temp.o
LOAD /tmp/ccfBbwDM.debug.temp.o
LOAD /tmp/ccz6s2Yh.debug.temp.o
LOAD /tmp/cclBEy2O.debug.temp.o
LOAD /tmp/ccigT6It.debug.temp.o
LOAD /tmp/ccWhu9dI.debug.temp.o
LOAD /tmp/ccg6VKF3.debug.temp.o
LOAD /tmp/cc5Wep2z.debug.temp.o
LOAD /tmp/ccPOKm0t.debug.temp.o
LOAD /tmp/ccvho23M.debug.temp.o
LOAD /tmp/ccqEFQVk.debug.temp.o
LOAD /tmp/cc8lT2nY.debug.temp.o
LOAD /tmp/ccLjXG4Y.debug.temp.o
LOAD /tmp/cc5XnyZZ.debug.temp.o
LOAD /tmp/ccYYLwxw.debug.temp.o
LOAD /tmp/ccTLV4Bg.debug.temp.o
LOAD /tmp/ccRKXPYb.debug.temp.o
LOAD /tmp/ccVjpK5C.debug.temp.o
LOAD /tmp/cclQDPvW.debug.temp.o
LOAD /tmp/cck1LmA3.debug.temp.o
LOAD /tmp/cc1Cuw1k.debug.temp.o
LOAD /tmp/ccmA7lrj.debug.temp.o
LOAD /tmp/ccqEkoYC.debug.temp.o
LOAD /tmp/ccyKAtAl.debug.temp.o
LOAD /tmp/ccW0mz4b.debug.temp.o
LOAD /tmp/ccKvoIVc.debug.temp.o
LOAD /tmp/ccgTypUb.debug.temp.o
LOAD /tmp/ccc4Etus.debug.temp.o
LOAD /tmp/cckFgdT0.debug.temp.o
LOAD /tmp/ccYR3d7f.debug.temp.o
LOAD /tmp/ccbZtz5z.debug.temp.o
LOAD /tmp/ccJKSs3w.debug.temp.o
LOAD /tmp/ccLirZFJ.debug.temp.o
LOAD /tmp/cc1AuwI1.debug.temp.o
LOAD /tmp/ccznQ73N.debug.temp.o
LOAD /tmp/ccFcObJC.debug.temp.o
LOAD /tmp/ccu3Li40.debug.temp.o
LOAD /tmp/cciJ5IA3.debug.temp.o
LOAD /tmp/ccrnNp7Z.debug.temp.o
LOAD .build/obj_karlk90_yaemk_moonlanderlike/custom_color.o
LOAD .build/obj_karlk90_yaemk_moonlanderlike/keyboards/karlk90/yaemk/yaemk.o
LOAD .build/obj_karlk90_yaemk_moonlanderlike/keyboards/karlk90/yaemk/keymaps/moonlanderlike/keymap.o
LOAD .build/obj_karlk90_yaemk_moonlanderlike/quantum/quantum.o
LOAD .build/obj_karlk90_yaemk_moonlanderlike/quantum/send_string.o
LOAD .build/obj_karlk90_yaemk_moonlanderlike/quantum/bitwise.o
LOAD .build/obj_karlk90_yaemk_moonlanderlike/quantum/led.o
LOAD .build/obj_karlk90_yaemk_moonlanderlike/quantum/action.o
LOAD .build/obj_karlk90_yaemk_moonlanderlike/quantum/action_layer.o
LOAD .build/obj_karlk90_yaemk_moonlanderlike/quantum/action_macro.o
LOAD .build/obj_karlk90_yaemk_moonlanderlike/quantum/action_tapping.o
LOAD .build/obj_karlk90_yaemk_moonlanderlike/quantum/action_util.o
LOAD .build/obj_karlk90_yaemk_moonlanderlike/quantum/eeconfig.o
LOAD .build/obj_karlk90_yaemk_moonlanderlike/quantum/keyboard.o
LOAD .build/obj_karlk90_yaemk_moonlanderlike/quantum/keymap_common.o
LOAD .build/obj_karlk90_yaemk_moonlanderlike/quantum/keycode_config.o
LOAD .build/obj_karlk90_yaemk_moonlanderlike/quantum/usb_device_state.o
LOAD .build/obj_karlk90_yaemk_moonlanderlike/quantum/logging/debug.o
LOAD .build/obj_karlk90_yaemk_moonlanderlike/quantum/logging/sendchar.o
LOAD .build/obj_karlk90_yaemk_moonlanderlike/quantum/logging/print.o
LOAD .build/obj_karlk90_yaemk_moonlanderlike/quantum/bootmagic/bootmagic_lite.o
LOAD .build/obj_karlk90_yaemk_moonlanderlike/quantum/bootmagic/magic.o
LOAD .build/obj_karlk90_yaemk_moonlanderlike/quantum/matrix_common.o
LOAD .build/obj_karlk90_yaemk_moonlanderlike/quantum/matrix.o
LOAD .build/obj_karlk90_yaemk_moonlanderlike/quantum/debounce/asym_eager_defer_pk.o
LOAD .build/obj_karlk90_yaemk_moonlanderlike/quantum/split_common/split_util.o
LOAD .build/obj_karlk90_yaemk_moonlanderlike/quantum/split_common/transport.o
LOAD .build/obj_karlk90_yaemk_moonlanderlike/quantum/split_common/transactions.o
LOAD .build/obj_karlk90_yaemk_moonlanderlike/quantum/main.o
LOAD .build/obj_karlk90_yaemk_moonlanderlike/lib/printf/printf.o
LOAD .build/obj_karlk90_yaemk_moonlanderlike/quantum/mousekey.o
LOAD .build/obj_karlk90_yaemk_moonlanderlike/eeprom_driver.o
LOAD .build/obj_karlk90_yaemk_moonlanderlike/eeprom_i2c.o
LOAD .build/obj_karlk90_yaemk_moonlanderlike/quantum/color.o
LOAD .build/obj_karlk90_yaemk_moonlanderlike/quantum/rgb_matrix/rgb_matrix.o
LOAD .build/obj_karlk90_yaemk_moonlanderlike/quantum/rgb_matrix/rgb_matrix_drivers.o
LOAD .build/obj_karlk90_yaemk_moonlanderlike/lib/lib8tion/lib8tion.o
LOAD .build/obj_karlk90_yaemk_moonlanderlike/quantum/process_keycode/process_rgb.o
LOAD .build/obj_karlk90_yaemk_moonlanderlike/ws2812_pwm.o
LOAD .build/obj_karlk90_yaemk_moonlanderlike/quantum/led_tables.o
LOAD .build/obj_karlk90_yaemk_moonlanderlike/quantum/encoder.o
LOAD .build/obj_karlk90_yaemk_moonlanderlike/quantum/via.o
LOAD .build/obj_karlk90_yaemk_moonlanderlike/quantum/dynamic_keymap.o
LOAD .build/obj_karlk90_yaemk_moonlanderlike/crc.o
LOAD .build/obj_karlk90_yaemk_moonlanderlike/ssd1306_sh1106.o
LOAD .build/obj_karlk90_yaemk_moonlanderlike/quantum/process_keycode/process_space_cadet.o
LOAD .build/obj_karlk90_yaemk_moonlanderlike/quantum/process_keycode/process_magic.o
LOAD .build/obj_karlk90_yaemk_moonlanderlike/quantum/process_keycode/process_grave_esc.o
LOAD .build/obj_karlk90_yaemk_moonlanderlike/i2c_master.a
LOAD .build/obj_karlk90_yaemk_moonlanderlike/serial_usart.a
LOAD .build/obj_karlk90_yaemk_moonlanderlike/./lib/chibios/os/common/startup/ARMCMx/compilers/GCC/crt0_v7m.o
LOAD .build/obj_karlk90_yaemk_moonlanderlike/./lib/chibios/os/common/startup/ARMCMx/compilers/GCC/vectors.o
LOAD .build/obj_karlk90_yaemk_moonlanderlike/./lib/chibios/os/common/ports/ARMCMx/compilers/GCC/chcoreasm_v7m.o
LOAD .build/obj_karlk90_yaemk_moonlanderlike/common/host.o
LOAD .build/obj_karlk90_yaemk_moonlanderlike/common/report.o
LOAD .build/obj_karlk90_yaemk_moonlanderlike/common/sync_timer.o
LOAD .build/obj_karlk90_yaemk_moonlanderlike/common/usb_util.o
LOAD .build/obj_karlk90_yaemk_moonlanderlike/common/chibios/platform.o
LOAD .build/obj_karlk90_yaemk_moonlanderlike/common/chibios/suspend.o
LOAD .build/obj_karlk90_yaemk_moonlanderlike/common/chibios/timer.o
LOAD .build/obj_karlk90_yaemk_moonlanderlike/common/chibios/bootloader.o
LOAD .build/obj_karlk90_yaemk_moonlanderlike/protocol/chibios/usb_main.o
LOAD .build/obj_karlk90_yaemk_moonlanderlike/protocol/chibios/chibios.o
LOAD .build/obj_karlk90_yaemk_moonlanderlike/usb_descriptor.o
LOAD .build/obj_karlk90_yaemk_moonlanderlike/protocol/chibios/usb_driver.o
LOAD .build/obj_karlk90_yaemk_moonlanderlike/protocol/chibios/usb_util.o
LOAD .build/obj_karlk90_yaemk_moonlanderlike/./lib/chibios/os/oslib/src/chmboxes.o
LOAD .build/obj_karlk90_yaemk_moonlanderlike/./lib/chibios/os/oslib/src/chmemcore.o
LOAD .build/obj_karlk90_yaemk_moonlanderlike/./lib/chibios/os/oslib/src/chmemheaps.o
LOAD .build/obj_karlk90_yaemk_moonlanderlike/./lib/chibios/os/oslib/src/chmempools.o
LOAD .build/obj_karlk90_yaemk_moonlanderlike/./lib/chibios/os/oslib/src/chpipes.o
LOAD .build/obj_karlk90_yaemk_moonlanderlike/./lib/chibios/os/oslib/src/chobjcaches.o
LOAD .build/obj_karlk90_yaemk_moonlanderlike/./lib/chibios/os/oslib/src/chdelegates.o
LOAD .build/obj_karlk90_yaemk_moonlanderlike/./lib/chibios/os/oslib/src/chfactory.o
LOAD .build/obj_karlk90_yaemk/lib/chibios/os/common/startup/ARMCMx/compilers/GCC/crt1.o
LOAD .build/obj_karlk90_yaemk/lib/chibios/os/rt/src/chsys.o
LOAD .build/obj_karlk90_yaemk/lib/chibios/os/rt/src/chdebug.o
LOAD .build/obj_karlk90_yaemk/lib/chibios/os/rt/src/chtrace.o
LOAD .build/obj_karlk90_yaemk/lib/chibios/os/rt/src/chvt.o
LOAD .build/obj_karlk90_yaemk/lib/chibios/os/rt/src/chschd.o
LOAD .build/obj_karlk90_yaemk/lib/chibios/os/rt/src/chthreads.o
LOAD .build/obj_karlk90_yaemk/lib/chibios/os/rt/src/chtm.o
LOAD .build/obj_karlk90_yaemk/lib/chibios/os/rt/src/chstats.o
LOAD .build/obj_karlk90_yaemk/lib/chibios/os/rt/src/chregistry.o
LOAD .build/obj_karlk90_yaemk/lib/chibios/os/rt/src/chsem.o
LOAD .build/obj_karlk90_yaemk/lib/chibios/os/rt/src/chmtx.o
LOAD .build/obj_karlk90_yaemk/lib/chibios/os/rt/src/chcond.o
LOAD .build/obj_karlk90_yaemk/lib/chibios/os/rt/src/chevents.o
LOAD .build/obj_karlk90_yaemk/lib/chibios/os/rt/src/chmsg.o
LOAD .build/obj_karlk90_yaemk/lib/chibios/os/rt/src/chdynamic.o
LOAD .build/obj_karlk90_yaemk/lib/chibios/os/common/ports/ARMCMx/chcore.o
LOAD .build/obj_karlk90_yaemk/lib/chibios/os/common/ports/ARMCMx/chcore_v7m.o
LOAD .build/obj_karlk90_yaemk/lib/chibios/os/hal/osal/rt-nil/osal.o
LOAD .build/obj_karlk90_yaemk/lib/chibios/os/hal/src/hal.o
LOAD .build/obj_karlk90_yaemk/lib/chibios/os/hal/src/hal_st.o
LOAD .build/obj_karlk90_yaemk/lib/chibios/os/hal/src/hal_buffers.o
LOAD .build/obj_karlk90_yaemk/lib/chibios/os/hal/src/hal_queues.o
LOAD .build/obj_karlk90_yaemk/lib/chibios/os/hal/src/hal_flash.o
LOAD .build/obj_karlk90_yaemk/lib/chibios/os/hal/src/hal_mmcsd.o
LOAD .build/obj_karlk90_yaemk/lib/chibios/os/hal/src/hal_adc.o
LOAD .build/obj_karlk90_yaemk/lib/chibios/os/hal/src/hal_can.o
LOAD .build/obj_karlk90_yaemk/lib/chibios/os/hal/src/hal_crypto.o
LOAD .build/obj_karlk90_yaemk/lib/chibios/os/hal/src/hal_dac.o
LOAD .build/obj_karlk90_yaemk/lib/chibios/os/hal/src/hal_efl.o
LOAD .build/obj_karlk90_yaemk/lib/chibios/os/hal/src/hal_gpt.o
LOAD .build/obj_karlk90_yaemk/lib/chibios/os/hal/src/hal_i2c.o
LOAD .build/obj_karlk90_yaemk/lib/chibios/os/hal/src/hal_i2s.o
LOAD .build/obj_karlk90_yaemk/lib/chibios/os/hal/src/hal_icu.o
LOAD .build/obj_karlk90_yaemk/lib/chibios/os/hal/src/hal_mac.o
LOAD .build/obj_karlk90_yaemk/lib/chibios/os/hal/src/hal_mmc_spi.o
LOAD .build/obj_karlk90_yaemk/lib/chibios/os/hal/src/hal_pal.o
LOAD .build/obj_karlk90_yaemk/lib/chibios/os/hal/src/hal_pwm.o
LOAD .build/obj_karlk90_yaemk/lib/chibios/os/hal/src/hal_rtc.o
LOAD .build/obj_karlk90_yaemk/lib/chibios/os/hal/src/hal_sdc.o
LOAD .build/obj_karlk90_yaemk/lib/chibios/os/hal/src/hal_serial.o
LOAD .build/obj_karlk90_yaemk/lib/chibios/os/hal/src/hal_serial_usb.o
LOAD .build/obj_karlk90_yaemk/lib/chibios/os/hal/src/hal_sio.o
LOAD .build/obj_karlk90_yaemk/lib/chibios/os/hal/src/hal_spi.o
LOAD .build/obj_karlk90_yaemk/lib/chibios/os/hal/src/hal_trng.o
LOAD .build/obj_karlk90_yaemk/lib/chibios/os/hal/src/hal_uart.o
LOAD .build/obj_karlk90_yaemk/lib/chibios/os/hal/src/hal_usb.o
LOAD .build/obj_karlk90_yaemk/lib/chibios/os/hal/src/hal_wdg.o
LOAD .build/obj_karlk90_yaemk/lib/chibios/os/hal/src/hal_wspi.o
LOAD .build/obj_karlk90_yaemk/lib/chibios/os/hal/ports/common/ARMCMx/nvic.o
LOAD .build/obj_karlk90_yaemk/lib/chibios/os/hal/ports/STM32/STM32F3xx/stm32_isr.o
LOAD .build/obj_karlk90_yaemk/lib/chibios/os/hal/ports/STM32/STM32F3xx/hal_lld.o
LOAD .build/obj_karlk90_yaemk/lib/chibios/os/hal/ports/STM32/LLD/ADCv3/hal_adc_lld.o
LOAD .build/obj_karlk90_yaemk/lib/chibios/os/hal/ports/STM32/LLD/CANv1/hal_can_lld.o
LOAD .build/obj_karlk90_yaemk/lib/chibios/os/hal/ports/STM32/LLD/DACv1/hal_dac_lld.o
LOAD .build/obj_karlk90_yaemk/lib/chibios/os/hal/ports/STM32/LLD/DMAv1/stm32_dma.o
LOAD .build/obj_karlk90_yaemk/lib/chibios/os/hal/ports/STM32/LLD/EXTIv1/stm32_exti.o
LOAD .build/obj_karlk90_yaemk/lib/chibios/os/hal/ports/STM32/LLD/GPIOv2/hal_pal_lld.o
LOAD .build/obj_karlk90_yaemk/lib/chibios/os/hal/ports/STM32/LLD/I2Cv2/hal_i2c_lld.o
LOAD .build/obj_karlk90_yaemk/lib/chibios/os/hal/ports/STM32/LLD/RTCv2/hal_rtc_lld.o
LOAD .build/obj_karlk90_yaemk/lib/chibios/os/hal/ports/STM32/LLD/SPIv2/hal_i2s_lld.o
LOAD .build/obj_karlk90_yaemk/lib/chibios/os/hal/ports/STM32/LLD/SPIv2/hal_spi_lld.o
LOAD .build/obj_karlk90_yaemk/lib/chibios/os/hal/ports/STM32/LLD/TIMv1/hal_st_lld.o
LOAD .build/obj_karlk90_yaemk/lib/chibios/os/hal/ports/STM32/LLD/TIMv1/hal_gpt_lld.o
LOAD .build/obj_karlk90_yaemk/lib/chibios/os/hal/ports/STM32/LLD/TIMv1/hal_icu_lld.o
LOAD .build/obj_karlk90_yaemk/lib/chibios/os/hal/ports/STM32/LLD/TIMv1/hal_pwm_lld.o
LOAD .build/obj_karlk90_yaemk/lib/chibios/os/hal/ports/STM32/LLD/USARTv2/hal_serial_lld.o
LOAD .build/obj_karlk90_yaemk/lib/chibios/os/hal/ports/STM32/LLD/USARTv2/hal_uart_lld.o
LOAD .build/obj_karlk90_yaemk/lib/chibios/os/hal/ports/STM32/LLD/USBv1/hal_usb_lld.o
LOAD .build/obj_karlk90_yaemk/lib/chibios/os/hal/ports/STM32/LLD/xWDGv1/hal_wdg_lld.o
LOAD .build/obj_karlk90_yaemk/lib/chibios/os/hal/boards/ST_STM32F3_DISCOVERY/board.o
LOAD .build/obj_karlk90_yaemk/lib/chibios/os/hal/lib/streams/chprintf.o
LOAD .build/obj_karlk90_yaemk/lib/chibios/os/hal/lib/streams/memstreams.o
LOAD .build/obj_karlk90_yaemk/lib/chibios/os/hal/lib/streams/nullstreams.o
LOAD .build/obj_karlk90_yaemk/lib/chibios/os/various/syscalls.o
LOAD .build/obj_karlk90_yaemk/common/chibios/syscall-fallbacks.o
LOAD .build/obj_karlk90_yaemk/common/chibios/wait.o
                0x0000000000000800                __process_stack_size__ = 0x800
                0x0000000000000400                __main_stack_size__ = 0x400
LOAD /usr/lib/gcc/arm-none-eabi/10.3.1/../../../arm-none-eabi/lib/thumb/v7e-m+fp/hard/libm.a
START GROUP
LOAD /usr/lib/gcc/arm-none-eabi/10.3.1/thumb/v7e-m+fp/hard/libgcc.a
LOAD /usr/lib/gcc/arm-none-eabi/10.3.1/../../../arm-none-eabi/lib/thumb/v7e-m+fp/hard/libg_nano.a
LOAD /usr/lib/gcc/arm-none-eabi/10.3.1/../../../arm-none-eabi/lib/thumb/v7e-m+fp/hard/libc_nano.a
END GROUP
START GROUP
LOAD /usr/lib/gcc/arm-none-eabi/10.3.1/thumb/v7e-m+fp/hard/libgcc.a
LOAD /usr/lib/gcc/arm-none-eabi/10.3.1/../../../arm-none-eabi/lib/thumb/v7e-m+fp/hard/libc_nano.a
END GROUP

.mstack         0x0000000020000000      0x400
                0x0000000020000000                . = ALIGN (0x8)
                0x0000000020000000                __main_stack_base__ = .
                0x0000000020000400                . = (. + __main_stack_size__)
 *fill*         0x0000000020000000      0x400 
                0x0000000020000400                . = ALIGN (0x8)
                0x0000000020000400                __main_stack_end__ = .

.pstack         0x0000000020000400      0x800
                0x0000000020000400                . = ALIGN (0x8)
                0x0000000020000400                __process_stack_base__ = .
                0x0000000020000400                __main_thread_stack_base__ = .
                0x0000000020000c00                . = (. + __process_stack_size__)
 *fill*         0x0000000020000400      0x800 
                0x0000000020000c00                . = ALIGN (0x8)
                0x0000000020000c00                __process_stack_end__ = .
                0x0000000020000c00                __main_thread_stack_end__ = .

.vectors        0x0000000008000000      0x1a0
 *(.vectors)
 .vectors       0x0000000008000000      0x1a0 .build/obj_karlk90_yaemk_moonlanderlike/./lib/chibios/os/common/startup/ARMCMx/compilers/GCC/vectors.o
                0x0000000008000000                _vectors

.xtors          0x00000000080001a0        0x0
                0x00000000080001a0                __init_array_base__ = .
 *(SORT_BY_NAME(.init_array.*))
 *(.init_array)
                0x00000000080001a0                __init_array_end__ = .
                0x00000000080001a0                __fini_array_base__ = .
 *(.fini_array)
 *(SORT_BY_NAME(.fini_array.*))
                0x00000000080001a0                __fini_array_end__ = .

.text           0x00000000080001c0    0x12b80
                0x00000000080001c0                __text_base__ = .
 *(.text)
 .text          0x00000000080001c0      0x120 .build/obj_karlk90_yaemk_moonlanderlike/./lib/chibios/os/common/startup/ARMCMx/compilers/GCC/crt0_v7m.o
                0x00000000080001c0                _crt0_entry
 .text          0x00000000080002e0        0x8 .build/obj_karlk90_yaemk_moonlanderlike/./lib/chibios/os/common/startup/ARMCMx/compilers/GCC/vectors.o
                0x00000000080002e0                Reset_Handler
                0x00000000080002e2                Vector58
                0x00000000080002e2                VectorE8
                0x00000000080002e2                Vector9C
                0x00000000080002e2                DebugMon_Handler
                0x00000000080002e2                Vector5C
                0x00000000080002e2                Vector11C
                0x00000000080002e2                HardFault_Handler
                0x00000000080002e2                Vector19C
                0x00000000080002e2                Vector8C
                0x00000000080002e2                SysTick_Handler
                0x00000000080002e2                PendSV_Handler
                0x00000000080002e2                Vector168
                0x00000000080002e2                NMI_Handler
                0x00000000080002e2                Vector110
                0x00000000080002e2                VectorC8
                0x00000000080002e2                Vector94
                0x00000000080002e2                VectorB4
                0x00000000080002e2                Vector160
                0x00000000080002e2                UsageFault_Handler
                0x00000000080002e2                VectorEC
                0x00000000080002e2                Vector40
                0x00000000080002e2                VectorF8
                0x00000000080002e2                Vector108
                0x00000000080002e2                Vector190
                0x00000000080002e2                Vector150
                0x00000000080002e2                Vector148
                0x00000000080002e2                Vector188
                0x00000000080002e2                Vector198
                0x00000000080002e2                Vector118
                0x00000000080002e2                Vector64
                0x00000000080002e2                VectorCC
                0x00000000080002e2                Vector54
                0x00000000080002e2                Vector98
                0x00000000080002e2                VectorD8
                0x00000000080002e2                Vector138
                0x00000000080002e2                Vector24
                0x00000000080002e2                Vector178
                0x00000000080002e2                VectorD0
                0x00000000080002e2                Vector140
                0x00000000080002e2                VectorE4
                0x00000000080002e2                Vector158
                0x00000000080002e2                Vector134
                0x00000000080002e2                VectorF0
                0x00000000080002e2                Vector13C
                0x00000000080002e2                Vector100
                0x00000000080002e2                VectorE0
                0x00000000080002e2                VectorF4
                0x00000000080002e2                MemManage_Handler
                0x00000000080002e2                VectorC4
                0x00000000080002e2                Vector180
                0x00000000080002e2                Vector90
                0x00000000080002e2                Vector114
                0x00000000080002e2                Vector164
                0x00000000080002e2                Vector60
                0x00000000080002e2                Vector1C
                0x00000000080002e2                Vector17C
                0x00000000080002e2                Vector48
                0x00000000080002e2                VectorD4
                0x00000000080002e2                Vector4C
                0x00000000080002e2                Vector144
                0x00000000080002e2                Vector15C
                0x00000000080002e2                Vector68
                0x00000000080002e2                Vector170
                0x00000000080002e2                Vector88
                0x00000000080002e2                Vector104
                0x00000000080002e2                Vector184
                0x00000000080002e2                Vector10C
                0x00000000080002e2                Vector14C
                0x00000000080002e2                BusFault_Handler
                0x00000000080002e2                Vector50
                0x00000000080002e2                Vector194
                0x00000000080002e2                Vector154
                0x00000000080002e2                Vector44
                0x00000000080002e2                Vector28
                0x00000000080002e2                VectorB8
                0x00000000080002e2                VectorFC
                0x00000000080002e2                Vector34
                0x00000000080002e2                Vector20
                0x00000000080002e2                Vector18C
                0x00000000080002e2                Vector174
                0x00000000080002e6                _unhandled_exception
 .text          0x00000000080002e8       0x32 .build/obj_karlk90_yaemk_moonlanderlike/./lib/chibios/os/common/ports/ARMCMx/compilers/GCC/chcoreasm_v7m.o
                0x00000000080002e8                _port_switch
                0x0000000008000300                _port_thread_start
                0x0000000008000312                _port_switch_from_isr
                0x0000000008000316                _port_exit_from_isr
 *fill*         0x000000000800031a        0x2 
 .text          0x000000000800031c       0x30 /usr/lib/gcc/arm-none-eabi/10.3.1/thumb/v7e-m+fp/hard/libgcc.a(_aeabi_uldivmod.o)
                0x000000000800031c                __aeabi_uldivmod
 .text          0x000000000800034c      0x2d0 /usr/lib/gcc/arm-none-eabi/10.3.1/thumb/v7e-m+fp/hard/libgcc.a(_udivmoddi4.o)
                0x000000000800034c                __udivmoddi4
 .text          0x000000000800061c        0x4 /usr/lib/gcc/arm-none-eabi/10.3.1/thumb/v7e-m+fp/hard/libgcc.a(_dvmd_tls.o)
                0x000000000800061c                __aeabi_ldiv0
                0x000000000800061c                __aeabi_idiv0
 .text          0x0000000008000620      0x134 /usr/lib/gcc/arm-none-eabi/10.3.1/../../../arm-none-eabi/lib/thumb/v7e-m+fp/hard/libg_nano.a(lib_a-memcpy.o)
                0x0000000008000620                memcpy
 *fill*         0x0000000008000754        0x4 
 .text          0x0000000008000758       0xfc /usr/lib/gcc/arm-none-eabi/10.3.1/../../../arm-none-eabi/lib/thumb/v7e-m+fp/hard/libg_nano.a(lib_a-rand.o)
                0x0000000008000758                srand
                0x00000000080007bc                rand
 .text          0x0000000008000854       0x4c /usr/lib/gcc/arm-none-eabi/10.3.1/../../../arm-none-eabi/lib/thumb/v7e-m+fp/hard/libg_nano.a(lib_a-assert.o)
                0x0000000008000854                __assert_func
                0x0000000008000894                __assert
 .text          0x00000000080008a0       0x44 /usr/lib/gcc/arm-none-eabi/10.3.1/../../../arm-none-eabi/lib/thumb/v7e-m+fp/hard/libg_nano.a(lib_a-fprintf.o)
                0x00000000080008a0                _fprintf_r
                0x00000000080008a0                _fiprintf_r
                0x00000000080008bc                fprintf
                0x00000000080008bc                fiprintf
 .text          0x00000000080008e4       0x20 /usr/lib/gcc/arm-none-eabi/10.3.1/../../../arm-none-eabi/lib/thumb/v7e-m+fp/hard/libg_nano.a(lib_a-malloc.o)
                0x00000000080008e4                malloc
                0x00000000080008f4                free
 .text          0x0000000008000904       0xc4 /usr/lib/gcc/arm-none-eabi/10.3.1/../../../arm-none-eabi/lib/thumb/v7e-m+fp/hard/libg_nano.a(lib_a-nano-freer.o)
                0x0000000008000904                _free_r
 .text          0x00000000080009c8       0xb4 /usr/lib/gcc/arm-none-eabi/10.3.1/../../../arm-none-eabi/lib/thumb/v7e-m+fp/hard/libg_nano.a(lib_a-nano-mallocr.o)
                0x00000000080009c8                _malloc_r
 .text          0x0000000008000a7c      0x328 /usr/lib/gcc/arm-none-eabi/10.3.1/../../../arm-none-eabi/lib/thumb/v7e-m+fp/hard/libg_nano.a(lib_a-nano-vfprintf.o)
                0x0000000008000ab8                __sfputs_r
                0x0000000008000ae8                __sprint_r
                0x0000000008000b04                _vfiprintf_r
                0x0000000008000b04                _vfprintf_r
                0x0000000008000d88                vfiprintf
                0x0000000008000d88                vfprintf
 .text          0x0000000008000da4      0x3dc /usr/lib/gcc/arm-none-eabi/10.3.1/../../../arm-none-eabi/lib/thumb/v7e-m+fp/hard/libg_nano.a(lib_a-nano-vfprintf_i.o)
                0x0000000008000da4                _printf_common
                0x0000000008000ed0                _printf_i
 .text          0x0000000008001180       0xc8 /usr/lib/gcc/arm-none-eabi/10.3.1/../../../arm-none-eabi/lib/thumb/v7e-m+fp/hard/libg_nano.a(lib_a-wbuf.o)
                0x0000000008001180                __swbuf_r
                0x0000000008001230                __swbuf
 .text          0x0000000008001248      0x104 /usr/lib/gcc/arm-none-eabi/10.3.1/../../../arm-none-eabi/lib/thumb/v7e-m+fp/hard/libg_nano.a(lib_a-wsetup.o)
                0x0000000008001248                __swsetup_r
 .text          0x000000000800134c       0x10 /usr/lib/gcc/arm-none-eabi/10.3.1/../../../arm-none-eabi/lib/thumb/v7e-m+fp/hard/libg_nano.a(lib_a-abort.o)
                0x000000000800134c                abort
 .text          0x000000000800135c      0x1e8 /usr/lib/gcc/arm-none-eabi/10.3.1/../../../arm-none-eabi/lib/thumb/v7e-m+fp/hard/libg_nano.a(lib_a-fflush.o)
                0x000000000800135c                __sflush_r
                0x0000000008001470                _fflush_r
                0x00000000080014c4                fflush
 .text          0x0000000008001544      0x238 /usr/lib/gcc/arm-none-eabi/10.3.1/../../../arm-none-eabi/lib/thumb/v7e-m+fp/hard/libg_nano.a(lib_a-findfp.o)
                0x0000000008001548                _cleanup_r
                0x0000000008001558                __sfmoreglue
                0x0000000008001588                __sfp
                0x0000000008001728                _cleanup
                0x000000000800173c                __sinit
                0x0000000008001744                __sfp_lock_acquire
                0x0000000008001748                __sfp_lock_release
                0x000000000800174c                __sinit_lock_acquire
                0x0000000008001750                __sinit_lock_release
                0x0000000008001754                __fp_lock_all
                0x0000000008001768                __fp_unlock_all
 .text          0x000000000800177c      0x2f0 /usr/lib/gcc/arm-none-eabi/10.3.1/../../../arm-none-eabi/lib/thumb/v7e-m+fp/hard/libg_nano.a(lib_a-fvwrite.o)
                0x000000000800177c                __sfvwrite_r
 .text          0x0000000008001a6c       0x88 /usr/lib/gcc/arm-none-eabi/10.3.1/../../../arm-none-eabi/lib/thumb/v7e-m+fp/hard/libg_nano.a(lib_a-fwalk.o)
                0x0000000008001a6c                _fwalk
                0x0000000008001aac                _fwalk_reent
 .text          0x0000000008001af4      0x11c /usr/lib/gcc/arm-none-eabi/10.3.1/../../../arm-none-eabi/lib/thumb/v7e-m+fp/hard/libg_nano.a(lib_a-makebuf.o)
                0x0000000008001af4                __smakebuf_r
                0x0000000008001bb4                __swhatbuf_r
 .text          0x0000000008001c10       0xa0 /usr/lib/gcc/arm-none-eabi/10.3.1/../../../arm-none-eabi/lib/thumb/v7e-m+fp/hard/libg_nano.a(lib_a-memchr.o)
                0x0000000008001c10                memchr
 .text          0x0000000008001cb0       0xf8 /usr/lib/gcc/arm-none-eabi/10.3.1/../../../arm-none-eabi/lib/thumb/v7e-m+fp/hard/libg_nano.a(lib_a-memmove.o)
                0x0000000008001cb0                memmove
 .text          0x0000000008001da8       0xa4 /usr/lib/gcc/arm-none-eabi/10.3.1/../../../arm-none-eabi/lib/thumb/v7e-m+fp/hard/libg_nano.a(lib_a-memset.o)
                0x0000000008001da8                memset
 .text          0x0000000008001e4c        0x8 /usr/lib/gcc/arm-none-eabi/10.3.1/../../../arm-none-eabi/lib/thumb/v7e-m+fp/hard/libg_nano.a(lib_a-mlock.o)
                0x0000000008001e4c                __malloc_lock
                0x0000000008001e50                __malloc_unlock
 .text          0x0000000008001e54       0x50 /usr/lib/gcc/arm-none-eabi/10.3.1/../../../arm-none-eabi/lib/thumb/v7e-m+fp/hard/libg_nano.a(lib_a-nano-reallocr.o)
                0x0000000008001e54                _realloc_r
 .text          0x0000000008001ea4      0x268 /usr/lib/gcc/arm-none-eabi/10.3.1/../../../arm-none-eabi/lib/thumb/v7e-m+fp/hard/libg_nano.a(lib_a-signal.o)
                0x0000000008001ea4                _init_signal_r
                0x0000000008001ed0                _signal_r
                0x0000000008001f18                _raise_r
                0x0000000008001f6c                __sigtramp_r
                0x0000000008001fcc                raise
                0x0000000008002024                signal
                0x0000000008002074                _init_signal
                0x00000000080020a8                __sigtramp
 .text          0x000000000800210c       0x30 /usr/lib/gcc/arm-none-eabi/10.3.1/../../../arm-none-eabi/lib/thumb/v7e-m+fp/hard/libg_nano.a(lib_a-signalr.o)
                0x000000000800210c                _kill_r
                0x0000000008002138                _getpid_r
 .text          0x000000000800213c       0x90 /usr/lib/gcc/arm-none-eabi/10.3.1/../../../arm-none-eabi/lib/thumb/v7e-m+fp/hard/libg_nano.a(lib_a-stdio.o)
                0x000000000800213c                __sread
                0x0000000008002160                __seofread
                0x0000000008002164                __swrite
                0x00000000080021a4                __sseek
                0x00000000080021c4                __sclose
 .text          0x00000000080021cc       0x14 /usr/lib/gcc/arm-none-eabi/10.3.1/../../../arm-none-eabi/lib/thumb/v7e-m+fp/hard/libg_nano.a(lib_a-nano-msizer.o)
                0x00000000080021cc                _malloc_usable_size_r
 .text          0x00000000080021e0       0x64 /usr/lib/gcc/arm-none-eabi/10.3.1/../../../arm-none-eabi/lib/thumb/v7e-m+fp/hard/libg_nano.a(lib_a-memcmp.o)
                0x00000000080021e0                memcmp
 *fill*         0x0000000008002244       0x3c 
 .text          0x0000000008002280       0xdc /usr/lib/gcc/arm-none-eabi/10.3.1/../../../arm-none-eabi/lib/thumb/v7e-m+fp/hard/libg_nano.a(lib_a-strlen.o)
                0x0000000008002280                strlen
 *(.text.*)
 .text.biton    0x000000000800235c       0x24 /tmp/karlk90_yaemk_moonlanderlike.elf.XW0OFi.ltrans0.ltrans.o
 .text.bitrev   0x0000000008002380       0x28 /tmp/karlk90_yaemk_moonlanderlike.elf.XW0OFi.ltrans0.ltrans.o
 .text.layer_off
                0x00000000080023a8       0x18 /tmp/karlk90_yaemk_moonlanderlike.elf.XW0OFi.ltrans0.ltrans.o
 .text.layer_on
                0x00000000080023c0       0x14 /tmp/karlk90_yaemk_moonlanderlike.elf.XW0OFi.ltrans0.ltrans.o
 .text.clear_oneshot_layer_state
                0x00000000080023d4       0x50 /tmp/karlk90_yaemk_moonlanderlike.elf.XW0OFi.ltrans0.ltrans.o
 .text.send_keyboard_report_deferred
                0x0000000008002424       0x8c /tmp/karlk90_yaemk_moonlanderlike.elf.XW0OFi.ltrans0.ltrans.o
 .text.mod_config
                0x00000000080024b0       0xb8 /tmp/karlk90_yaemk_moonlanderlike.elf.XW0OFi.ltrans0.ltrans.o
 .text.null_sendchar_func
                0x0000000008002568        0x4 /tmp/karlk90_yaemk_moonlanderlike.elf.XW0OFi.ltrans0.ltrans.o
 .text.is_keyboard_left
                0x000000000800256c       0x80 /tmp/karlk90_yaemk_moonlanderlike.elf.XW0OFi.ltrans0.ltrans.o
                0x000000000800256c                is_keyboard_left
 .text.wheel_unit
                0x00000000080025ec       0x48 /tmp/karlk90_yaemk_moonlanderlike.elf.XW0OFi.ltrans0.ltrans.o
 .text._out_buffer.lto_priv.0
                0x0000000008002634        0x8 /tmp/karlk90_yaemk_moonlanderlike.elf.XW0OFi.ltrans0.ltrans.o
                0x0000000008002634                _out_buffer.lto_priv.0
 .text._out_char
                0x000000000800263c       0x10 /tmp/karlk90_yaemk_moonlanderlike.elf.XW0OFi.ltrans0.ltrans.o
 .text._ntoa_long
                0x000000000800264c      0x32c /tmp/karlk90_yaemk_moonlanderlike.elf.XW0OFi.ltrans0.ltrans.o
 .text.move_unit
                0x0000000008002978       0x44 /tmp/karlk90_yaemk_moonlanderlike.elf.XW0OFi.ltrans0.ltrans.o
 .text.sin8_C.lto_priv.0
                0x00000000080029bc       0x44 /tmp/karlk90_yaemk_moonlanderlike.elf.XW0OFi.ltrans0.ltrans.o
                0x00000000080029bc                sin8_C.lto_priv.0
 .text.BAND_SAT_math
                0x0000000008002a00       0x60 /tmp/karlk90_yaemk_moonlanderlike.elf.XW0OFi.ltrans0.ltrans.o
 .text.BAND_VAL_math
                0x0000000008002a60       0x60 /tmp/karlk90_yaemk_moonlanderlike.elf.XW0OFi.ltrans0.ltrans.o
 .text.BAND_PINWHEEL_SAT_math
                0x0000000008002ac0       0xa0 /tmp/karlk90_yaemk_moonlanderlike.elf.XW0OFi.ltrans0.ltrans.o
 .text.BAND_PINWHEEL_VAL_math
                0x0000000008002b60       0xa0 /tmp/karlk90_yaemk_moonlanderlike.elf.XW0OFi.ltrans0.ltrans.o
 .text.BAND_SPIRAL_SAT_math
                0x0000000008002c00       0x90 /tmp/karlk90_yaemk_moonlanderlike.elf.XW0OFi.ltrans0.ltrans.o
 .text.BAND_SPIRAL_VAL_math
                0x0000000008002c90       0x90 /tmp/karlk90_yaemk_moonlanderlike.elf.XW0OFi.ltrans0.ltrans.o
 .text.CYCLE_ALL_math
                0x0000000008002d20       0x28 /tmp/karlk90_yaemk_moonlanderlike.elf.XW0OFi.ltrans0.ltrans.o
 .text.CYCLE_LEFT_RIGHT_math
                0x0000000008002d48       0x34 /tmp/karlk90_yaemk_moonlanderlike.elf.XW0OFi.ltrans0.ltrans.o
 .text.CYCLE_UP_DOWN_math
                0x0000000008002d7c       0x38 /tmp/karlk90_yaemk_moonlanderlike.elf.XW0OFi.ltrans0.ltrans.o
 .text.RAINBOW_MOVING_CHEVRON_math
                0x0000000008002db4       0x5c /tmp/karlk90_yaemk_moonlanderlike.elf.XW0OFi.ltrans0.ltrans.o
 .text.CYCLE_OUT_IN_math
                0x0000000008002e10       0x34 /tmp/karlk90_yaemk_moonlanderlike.elf.XW0OFi.ltrans0.ltrans.o
 .text.CYCLE_OUT_IN_DUAL_math
                0x0000000008002e44       0xb4 /tmp/karlk90_yaemk_moonlanderlike.elf.XW0OFi.ltrans0.ltrans.o
 .text.CYCLE_PINWHEEL_math
                0x0000000008002ef8       0x78 /tmp/karlk90_yaemk_moonlanderlike.elf.XW0OFi.ltrans0.ltrans.o
 .text.CYCLE_SPIRAL_math
                0x0000000008002f70       0x80 /tmp/karlk90_yaemk_moonlanderlike.elf.XW0OFi.ltrans0.ltrans.o
 .text.DUAL_BEACON_math
                0x0000000008002ff0       0x58 /tmp/karlk90_yaemk_moonlanderlike.elf.XW0OFi.ltrans0.ltrans.o
 .text.RAINBOW_BEACON_math
                0x0000000008003048       0x58 /tmp/karlk90_yaemk_moonlanderlike.elf.XW0OFi.ltrans0.ltrans.o
 .text.RAINBOW_PINWHEELS_math
                0x00000000080030a0       0x70 /tmp/karlk90_yaemk_moonlanderlike.elf.XW0OFi.ltrans0.ltrans.o
 .text.HUE_PENDULUM_math
                0x0000000008003110       0xa4 /tmp/karlk90_yaemk_moonlanderlike.elf.XW0OFi.ltrans0.ltrans.o
 .text.HUE_WAVE_math
                0x00000000080031b4       0x50 /tmp/karlk90_yaemk_moonlanderlike.elf.XW0OFi.ltrans0.ltrans.o
 .text.is_keyboard_master
                0x0000000008003204       0xb4 /tmp/karlk90_yaemk_moonlanderlike.elf.XW0OFi.ltrans0.ltrans.o
 .text.eeprom_read_block
                0x00000000080032b8       0x30 /tmp/karlk90_yaemk_moonlanderlike.elf.XW0OFi.ltrans0.ltrans.o
                0x00000000080032b8                eeprom_read_block
 .text.eeprom_driver_erase
                0x00000000080032e8      0x104 /tmp/karlk90_yaemk_moonlanderlike.elf.XW0OFi.ltrans0.ltrans.o
 .text.eeconfig_is_enabled
                0x00000000080033ec       0x34 /tmp/karlk90_yaemk_moonlanderlike.elf.XW0OFi.ltrans0.ltrans.o
 .text.slave_matrix_handlers_master
                0x0000000008003420      0x178 /tmp/karlk90_yaemk_moonlanderlike.elf.XW0OFi.ltrans0.ltrans.o
 .text.sync_timer_handlers_master
                0x0000000008003598       0xd4 /tmp/karlk90_yaemk_moonlanderlike.elf.XW0OFi.ltrans0.ltrans.o
 .text.layer_state_handlers_master
                0x000000000800366c      0x110 /tmp/karlk90_yaemk_moonlanderlike.elf.XW0OFi.ltrans0.ltrans.o
 .text.led_state_handlers_master
                0x000000000800377c       0xe8 /tmp/karlk90_yaemk_moonlanderlike.elf.XW0OFi.ltrans0.ltrans.o
 .text.rgb_matrix_handlers_master
                0x0000000008003864       0xec /tmp/karlk90_yaemk_moonlanderlike.elf.XW0OFi.ltrans0.ltrans.o
 .text.rgb_matrix_hsv_to_rgb
                0x0000000008003950      0x170 /tmp/karlk90_yaemk_moonlanderlike.elf.XW0OFi.ltrans0.ltrans.o
                0x0000000008003950                rgb_matrix_hsv_to_rgb
 .text.shutdown_user
                0x0000000008003ac0        0x4 /tmp/karlk90_yaemk_moonlanderlike.elf.XW0OFi.ltrans0.ltrans.o
                0x0000000008003ac0                shutdown_user
                0x0000000008003ac0                __core_init
 .text.eeprom_read_byte
                0x0000000008003ac4       0x3c /tmp/karlk90_yaemk_moonlanderlike.elf.XW0OFi.ltrans0.ltrans.o
                0x0000000008003ac4                eeprom_read_byte
 .text.tap_code
                0x0000000008003b00       0x88 /tmp/karlk90_yaemk_moonlanderlike.elf.XW0OFi.ltrans0.ltrans.o
                0x0000000008003b00                tap_code
 .text.layer_switch_get_layer
                0x0000000008003b88      0x198 /tmp/karlk90_yaemk_moonlanderlike.elf.XW0OFi.ltrans0.ltrans.o
                0x0000000008003b88                layer_switch_get_layer
 .text.is_tap_record
                0x0000000008003d20      0x528 /tmp/karlk90_yaemk_moonlanderlike.elf.XW0OFi.ltrans0.ltrans.o
 .text._vsnprintf.lto_priv.0
                0x0000000008004248      0x56c /tmp/karlk90_yaemk_moonlanderlike.elf.XW0OFi.ltrans0.ltrans.o
                0x0000000008004248                _vsnprintf.lto_priv.0
 .text.printf_  0x00000000080047b4       0x2c /tmp/karlk90_yaemk_moonlanderlike.elf.XW0OFi.ltrans0.ltrans.o
                0x00000000080047b4                printf_
 .text.send_keyboard_report_immediate.part.0
                0x00000000080047e0      0x128 /tmp/karlk90_yaemk_moonlanderlike.elf.XW0OFi.ltrans0.ltrans.o
 .text.send_keyboard_report
                0x0000000008004908       0x90 /tmp/karlk90_yaemk_moonlanderlike.elf.XW0OFi.ltrans0.ltrans.o
                0x0000000008004908                send_keyboard_report
 .text.transaction_handler_master
                0x0000000008004998       0xf0 /tmp/karlk90_yaemk_moonlanderlike.elf.XW0OFi.ltrans0.ltrans.o
 .text.matrix_scan
                0x0000000008004a88      0xa08 /tmp/karlk90_yaemk_moonlanderlike.elf.XW0OFi.ltrans0.ltrans.o
 .text.encoder_handlers_master
                0x0000000008005490      0x210 /tmp/karlk90_yaemk_moonlanderlike.elf.XW0OFi.ltrans0.ltrans.o
 .text.mousekey_on
                0x00000000080056a0       0xd0 /tmp/karlk90_yaemk_moonlanderlike.elf.XW0OFi.ltrans0.ltrans.o
                0x00000000080056a0                mousekey_on
 .text.mousekey_off
                0x0000000008005770      0x19c /tmp/karlk90_yaemk_moonlanderlike.elf.XW0OFi.ltrans0.ltrans.o
                0x0000000008005770                mousekey_off
 .text.mousekey_send
                0x000000000800590c      0x14c /tmp/karlk90_yaemk_moonlanderlike.elf.XW0OFi.ltrans0.ltrans.o
                0x000000000800590c                mousekey_send
 .text.clear_keyboard_but_mods_and_keys
                0x0000000008005a58       0x88 /tmp/karlk90_yaemk_moonlanderlike.elf.XW0OFi.ltrans0.ltrans.o
 .text.clear_keyboard
                0x0000000008005ae0       0xc4 /tmp/karlk90_yaemk_moonlanderlike.elf.XW0OFi.ltrans0.ltrans.o
 .text.eeprom_write_block
                0x0000000008005ba4       0xb8 /tmp/karlk90_yaemk_moonlanderlike.elf.XW0OFi.ltrans0.ltrans.o
                0x0000000008005ba4                eeprom_write_block
 .text.eeprom_update_byte
                0x0000000008005c5c       0x4c /tmp/karlk90_yaemk_moonlanderlike.elf.XW0OFi.ltrans0.ltrans.o
                0x0000000008005c5c                eeprom_update_byte
 .text.eeconfig_init_quantum
                0x0000000008005ca8      0x440 /tmp/karlk90_yaemk_moonlanderlike.elf.XW0OFi.ltrans0.ltrans.o
 .text.process_record
                0x00000000080060e8     0x1b04 /tmp/karlk90_yaemk_moonlanderlike.elf.XW0OFi.ltrans0.ltrans.o
 .text.waiting_buffer_scan_tap.part.0
                0x0000000008007bec       0xc8 /tmp/karlk90_yaemk_moonlanderlike.elf.XW0OFi.ltrans0.ltrans.o
 .text.process_tapping
                0x0000000008007cb4      0x6e0 /tmp/karlk90_yaemk_moonlanderlike.elf.XW0OFi.ltrans0.ltrans.o
 .text.action_exec
                0x0000000008008394       0xfc /tmp/karlk90_yaemk_moonlanderlike.elf.XW0OFi.ltrans0.ltrans.o
 .text.eeconfig_update_rgb_matrix_default
                0x0000000008008490       0x70 /tmp/karlk90_yaemk_moonlanderlike.elf.XW0OFi.ltrans0.ltrans.o
 .text.matrix_init
                0x0000000008008500      0x2ec /tmp/karlk90_yaemk_moonlanderlike.elf.XW0OFi.ltrans0.ltrans.o
 .text.rgb_matrix_set_color
                0x00000000080087ec       0xf0 /tmp/karlk90_yaemk_moonlanderlike.elf.XW0OFi.ltrans0.ltrans.o
                0x00000000080087ec                rgb_matrix_set_color
 .text.rgb_matrix_task
                0x00000000080088dc      0xf94 /tmp/karlk90_yaemk_moonlanderlike.elf.XW0OFi.ltrans0.ltrans.o
 .text.startup.main
                0x0000000008009870     0x249c /tmp/karlk90_yaemk_moonlanderlike.elf.XW0OFi.ltrans0.ltrans.o
                0x0000000008009870                main
 .text.setled.lto_priv.0
                0x000000000800bd0c       0x1c /tmp/karlk90_yaemk_moonlanderlike.elf.XW0OFi.ltrans1.ltrans.o
                0x000000000800bd0c                setled.lto_priv.0
 .text.usb_get_descriptor_cb.lto_priv.0
                0x000000000800bd28       0xc0 /tmp/karlk90_yaemk_moonlanderlike.elf.XW0OFi.ltrans1.ltrans.o
                0x000000000800bd28                usb_get_descriptor_cb.lto_priv.0
 .text.set_led_transfer_cb
                0x000000000800bde8       0x2c /tmp/karlk90_yaemk_moonlanderlike.elf.XW0OFi.ltrans1.ltrans.o
 .text.kbd_in_cb
                0x000000000800be14        0x4 /tmp/karlk90_yaemk_moonlanderlike.elf.XW0OFi.ltrans1.ltrans.o
 .text.keyboard_leds
                0x000000000800be18        0xc /tmp/karlk90_yaemk_moonlanderlike.elf.XW0OFi.ltrans1.ltrans.o
                0x000000000800be18                keyboard_leds
 .text.usb_lld_start_in
                0x000000000800be24       0x80 /tmp/karlk90_yaemk_moonlanderlike.elf.XW0OFi.ltrans1.ltrans.o
 .text.wakeup.lto_priv.0
                0x000000000800bea4       0x68 /tmp/karlk90_yaemk_moonlanderlike.elf.XW0OFi.ltrans1.ltrans.o
                0x000000000800bea4                wakeup.lto_priv.0
 .text.shared_in_cb
                0x000000000800bf0c        0x4 /tmp/karlk90_yaemk_moonlanderlike.elf.XW0OFi.ltrans1.ltrans.o
 .text.send_system
                0x000000000800bf10       0xa0 /tmp/karlk90_yaemk_moonlanderlike.elf.XW0OFi.ltrans1.ltrans.o
                0x000000000800bf10                send_system
 .text.send_consumer
                0x000000000800bfb0       0xa0 /tmp/karlk90_yaemk_moonlanderlike.elf.XW0OFi.ltrans1.ltrans.o
                0x000000000800bfb0                send_consumer
 .text.sendchar
                0x000000000800c050       0x3c /tmp/karlk90_yaemk_moonlanderlike.elf.XW0OFi.ltrans1.ltrans.o
                0x000000000800c050                sendchar
 .text.ibnotify.lto_priv.0
                0x000000000800c08c       0x94 /tmp/karlk90_yaemk_moonlanderlike.elf.XW0OFi.ltrans1.ltrans.o
                0x000000000800c08c                ibnotify.lto_priv.0
 .text.qmkusbDataReceived
                0x000000000800c120      0x168 /tmp/karlk90_yaemk_moonlanderlike.elf.XW0OFi.ltrans1.ltrans.o
                0x000000000800c120                qmkusbDataReceived
 .text.qmkusbInterruptTransmitted
                0x000000000800c288        0x4 /tmp/karlk90_yaemk_moonlanderlike.elf.XW0OFi.ltrans1.ltrans.o
                0x000000000800c288                qmkusbInterruptTransmitted
 .text._idle_thread.lto_priv.0
                0x000000000800c28c        0x4 /tmp/karlk90_yaemk_moonlanderlike.elf.XW0OFi.ltrans1.ltrans.o
                0x000000000800c28c                _idle_thread.lto_priv.0
 .text.chEvtBroadcastFlagsI
                0x000000000800c290       0x70 /tmp/karlk90_yaemk_moonlanderlike.elf.XW0OFi.ltrans1.ltrans.o
 .text._ctl.lto_priv.0
                0x000000000800c300        0x4 /tmp/karlk90_yaemk_moonlanderlike.elf.XW0OFi.ltrans1.ltrans.o
                0x000000000800c300                _ctl.lto_priv.0
 .text.set_address
                0x000000000800c304       0x28 /tmp/karlk90_yaemk_moonlanderlike.elf.XW0OFi.ltrans1.ltrans.o
 .text.usbStartTransmitI
                0x000000000800c32c       0x9c /tmp/karlk90_yaemk_moonlanderlike.elf.XW0OFi.ltrans1.ltrans.o
 .text.obnotify.lto_priv.0
                0x000000000800c3c8       0x48 /tmp/karlk90_yaemk_moonlanderlike.elf.XW0OFi.ltrans1.ltrans.o
                0x000000000800c3c8                obnotify.lto_priv.0
 .text._usb_ep0setup
                0x000000000800c410      0x52c /tmp/karlk90_yaemk_moonlanderlike.elf.XW0OFi.ltrans1.ltrans.o
                0x000000000800c410                _usb_ep0setup
 .text._usb_ep0in
                0x000000000800c93c      0x108 /tmp/karlk90_yaemk_moonlanderlike.elf.XW0OFi.ltrans1.ltrans.o
                0x000000000800c93c                _usb_ep0in
 .text._usb_ep0out
                0x000000000800ca44       0xd4 /tmp/karlk90_yaemk_moonlanderlike.elf.XW0OFi.ltrans1.ltrans.o
                0x000000000800ca44                _usb_ep0out
 .text.notify3.lto_priv.0
                0x000000000800cb18       0x10 /tmp/karlk90_yaemk_moonlanderlike.elf.XW0OFi.ltrans1.ltrans.o
                0x000000000800cb18                notify3.lto_priv.0
 .text.chEvtBroadcastFlagsI.constprop.0
                0x000000000800cb28       0x70 /tmp/karlk90_yaemk_moonlanderlike.elf.XW0OFi.ltrans1.ltrans.o
 .text.qmkusbDataTransmitted
                0x000000000800cb98      0x168 /tmp/karlk90_yaemk_moonlanderlike.elf.XW0OFi.ltrans1.ltrans.o
                0x000000000800cb98                qmkusbDataTransmitted
 .text.chEvtBroadcastFlagsI.constprop.2
                0x000000000800cd00       0x70 /tmp/karlk90_yaemk_moonlanderlike.elf.XW0OFi.ltrans1.ltrans.o
 .text.dmaStreamAllocI.part.0.constprop.0
                0x000000000800cd70       0x6c /tmp/karlk90_yaemk_moonlanderlike.elf.XW0OFi.ltrans1.ltrans.o
 .text.oled_advance_page
                0x000000000800cddc      0x110 /tmp/karlk90_yaemk_moonlanderlike.elf.XW0OFi.ltrans1.ltrans.o
 .text.usbInitEndpointI
                0x000000000800ceec      0x120 /tmp/karlk90_yaemk_moonlanderlike.elf.XW0OFi.ltrans1.ltrans.o
 .text.usb_sof_cb.lto_priv.0
                0x000000000800d00c      0x180 /tmp/karlk90_yaemk_moonlanderlike.elf.XW0OFi.ltrans1.ltrans.o
                0x000000000800d00c                usb_sof_cb.lto_priv.0
 .text.send_keyboard
                0x000000000800d18c      0x164 /tmp/karlk90_yaemk_moonlanderlike.elf.XW0OFi.ltrans1.ltrans.o
                0x000000000800d18c                send_keyboard
 .text._put.lto_priv.0
                0x000000000800d2f0       0xb8 /tmp/karlk90_yaemk_moonlanderlike.elf.XW0OFi.ltrans1.ltrans.o
                0x000000000800d2f0                _put.lto_priv.0
 .text._get.lto_priv.0
                0x000000000800d3a8       0xa8 /tmp/karlk90_yaemk_moonlanderlike.elf.XW0OFi.ltrans1.ltrans.o
                0x000000000800d3a8                _get.lto_priv.0
 .text._put.lto_priv.1
                0x000000000800d450       0x88 /tmp/karlk90_yaemk_moonlanderlike.elf.XW0OFi.ltrans1.ltrans.o
                0x000000000800d450                _put.lto_priv.1
 .text.handleKeycodeRGB.lto_priv.0
                0x000000000800d4d8        0x8 /tmp/karlk90_yaemk_moonlanderlike.elf.XW0OFi.ltrans1.ltrans.o
                0x000000000800d4d8                handleKeycodeRGB.lto_priv.0
 .text.via_eeprom_is_valid
                0x000000000800d4e0       0x2c /tmp/karlk90_yaemk_moonlanderlike.elf.XW0OFi.ltrans1.ltrans.o
                0x000000000800d4e0                via_eeprom_is_valid
 .text.dynamic_keymap_reset
                0x000000000800d50c       0xe0 /tmp/karlk90_yaemk_moonlanderlike.elf.XW0OFi.ltrans1.ltrans.o
                0x000000000800d50c                dynamic_keymap_reset
 .text.eeconfig_init_via
                0x000000000800d5ec      0x214 /tmp/karlk90_yaemk_moonlanderlike.elf.XW0OFi.ltrans1.ltrans.o
                0x000000000800d5ec                eeconfig_init_via
 .text.host_system_send
                0x000000000800d800       0x20 /tmp/karlk90_yaemk_moonlanderlike.elf.XW0OFi.ltrans1.ltrans.o
                0x000000000800d800                host_system_send
 .text.host_consumer_send
                0x000000000800d820       0x20 /tmp/karlk90_yaemk_moonlanderlike.elf.XW0OFi.ltrans1.ltrans.o
                0x000000000800d820                host_consumer_send
 .text.timer_read32
                0x000000000800d840       0x60 /tmp/karlk90_yaemk_moonlanderlike.elf.XW0OFi.ltrans1.ltrans.o
                0x000000000800d840                timer_read32
 .text.__early_init
                0x000000000800d8a0      0x1f8 /tmp/karlk90_yaemk_moonlanderlike.elf.XW0OFi.ltrans1.ltrans.o
                0x000000000800d8a0                __early_init
 .text.__late_init
                0x000000000800da98        0x4 /tmp/karlk90_yaemk_moonlanderlike.elf.XW0OFi.ltrans1.ltrans.o
                0x000000000800da98                __late_init
 .text.__default_exit
                0x000000000800da9c        0x4 /tmp/karlk90_yaemk_moonlanderlike.elf.XW0OFi.ltrans1.ltrans.o
                0x000000000800da9c                __default_exit
 .text.__init_ram_areas
                0x000000000800daa0       0xac /tmp/karlk90_yaemk_moonlanderlike.elf.XW0OFi.ltrans1.ltrans.o
                0x000000000800daa0                __init_ram_areas
 .text.chVTDoSetI
                0x000000000800db4c       0xd8 /tmp/karlk90_yaemk_moonlanderlike.elf.XW0OFi.ltrans1.ltrans.o
                0x000000000800db4c                chVTDoSetI
 .text.chVTDoResetI
                0x000000000800dc24       0x84 /tmp/karlk90_yaemk_moonlanderlike.elf.XW0OFi.ltrans1.ltrans.o
                0x000000000800dc24                chVTDoResetI
 .text.usb_request_hook_cb.lto_priv.0
                0x000000000800dca8      0x1ec /tmp/karlk90_yaemk_moonlanderlike.elf.XW0OFi.ltrans1.ltrans.o
                0x000000000800dca8                usb_request_hook_cb.lto_priv.0
 .text.keyboard_idle_timer_cb
                0x000000000800de94       0xc8 /tmp/karlk90_yaemk_moonlanderlike.elf.XW0OFi.ltrans1.ltrans.o
 .text.chSchGoSleepTimeoutS
                0x000000000800df5c       0x64 /tmp/karlk90_yaemk_moonlanderlike.elf.XW0OFi.ltrans1.ltrans.o
                0x000000000800df5c                chSchGoSleepTimeoutS
 .text.send_mouse
                0x000000000800dfc0      0x108 /tmp/karlk90_yaemk_moonlanderlike.elf.XW0OFi.ltrans1.ltrans.o
                0x000000000800dfc0                send_mouse
 .text._putt.lto_priv.0
                0x000000000800e0c8      0x108 /tmp/karlk90_yaemk_moonlanderlike.elf.XW0OFi.ltrans1.ltrans.o
                0x000000000800e0c8                _putt.lto_priv.0
 .text._gett.lto_priv.0
                0x000000000800e1d0       0xf8 /tmp/karlk90_yaemk_moonlanderlike.elf.XW0OFi.ltrans1.ltrans.o
                0x000000000800e1d0                _gett.lto_priv.0
 .text.ibqReadTimeout
                0x000000000800e2c8      0x138 /tmp/karlk90_yaemk_moonlanderlike.elf.XW0OFi.ltrans1.ltrans.o
 .text._read.lto_priv.0
                0x000000000800e400        0xc /tmp/karlk90_yaemk_moonlanderlike.elf.XW0OFi.ltrans1.ltrans.o
                0x000000000800e400                _read.lto_priv.0
 .text._readt.lto_priv.0
                0x000000000800e40c        0x8 /tmp/karlk90_yaemk_moonlanderlike.elf.XW0OFi.ltrans1.ltrans.o
                0x000000000800e40c                _readt.lto_priv.0
 .text.obqWriteTimeout
                0x000000000800e414      0x140 /tmp/karlk90_yaemk_moonlanderlike.elf.XW0OFi.ltrans1.ltrans.o
 .text._write.lto_priv.0
                0x000000000800e554        0xc /tmp/karlk90_yaemk_moonlanderlike.elf.XW0OFi.ltrans1.ltrans.o
                0x000000000800e554                _write.lto_priv.0
 .text._writet.lto_priv.0
                0x000000000800e560        0x8 /tmp/karlk90_yaemk_moonlanderlike.elf.XW0OFi.ltrans1.ltrans.o
                0x000000000800e560                _writet.lto_priv.0
 .text._putt.lto_priv.1
                0x000000000800e568       0xf8 /tmp/karlk90_yaemk_moonlanderlike.elf.XW0OFi.ltrans1.ltrans.o
                0x000000000800e568                _putt.lto_priv.1
 .text.chSchDoRescheduleAhead
                0x000000000800e660       0x38 /tmp/karlk90_yaemk_moonlanderlike.elf.XW0OFi.ltrans1.ltrans.o
                0x000000000800e660                chSchDoReschedule
 .text.chThdCreateStatic
                0x000000000800e698       0x94 /tmp/karlk90_yaemk_moonlanderlike.elf.XW0OFi.ltrans1.ltrans.o
                0x000000000800e698                chThdCreateStatic
 .text.chThdExit
                0x000000000800e72c       0x30 /tmp/karlk90_yaemk_moonlanderlike.elf.XW0OFi.ltrans1.ltrans.o
                0x000000000800e72c                chThdExit
 .text.chThdSleep
                0x000000000800e75c       0x74 /tmp/karlk90_yaemk_moonlanderlike.elf.XW0OFi.ltrans1.ltrans.o
                0x000000000800e75c                chThdSleep
 .text.SVC_Handler
                0x000000000800e7d0       0x20 /tmp/karlk90_yaemk_moonlanderlike.elf.XW0OFi.ltrans1.ltrans.o
                0x000000000800e7d0                SVC_Handler
 .text.iqResetI
                0x000000000800e7f0       0x44 /tmp/karlk90_yaemk_moonlanderlike.elf.XW0OFi.ltrans1.ltrans.o
                0x000000000800e7f0                iqResetI
 .text.iqGetTimeout
                0x000000000800e834       0xe8 /tmp/karlk90_yaemk_moonlanderlike.elf.XW0OFi.ltrans1.ltrans.o
                0x000000000800e834                iqGetTimeout
 .text._get.lto_priv.1
                0x000000000800e91c        0xc /tmp/karlk90_yaemk_moonlanderlike.elf.XW0OFi.ltrans1.ltrans.o
                0x000000000800e91c                _get.lto_priv.1
 .text._gett.lto_priv.1
                0x000000000800e928        0x8 /tmp/karlk90_yaemk_moonlanderlike.elf.XW0OFi.ltrans1.ltrans.o
                0x000000000800e928                _gett.lto_priv.1
 .text.iqReadTimeout
                0x000000000800e930       0xec /tmp/karlk90_yaemk_moonlanderlike.elf.XW0OFi.ltrans1.ltrans.o
                0x000000000800e930                iqReadTimeout
 .text._read.lto_priv.1
                0x000000000800ea1c        0xc /tmp/karlk90_yaemk_moonlanderlike.elf.XW0OFi.ltrans1.ltrans.o
                0x000000000800ea1c                _read.lto_priv.1
 .text._readt.lto_priv.1
                0x000000000800ea28        0x8 /tmp/karlk90_yaemk_moonlanderlike.elf.XW0OFi.ltrans1.ltrans.o
                0x000000000800ea28                _readt.lto_priv.1
 .text.oqWriteTimeout
                0x000000000800ea30       0xe4 /tmp/karlk90_yaemk_moonlanderlike.elf.XW0OFi.ltrans1.ltrans.o
                0x000000000800ea30                oqWriteTimeout
 .text._write.lto_priv.1
                0x000000000800eb14        0xc /tmp/karlk90_yaemk_moonlanderlike.elf.XW0OFi.ltrans1.ltrans.o
                0x000000000800eb14                _write.lto_priv.1
 .text._writet.lto_priv.1
                0x000000000800eb20        0x8 /tmp/karlk90_yaemk_moonlanderlike.elf.XW0OFi.ltrans1.ltrans.o
                0x000000000800eb20                _writet.lto_priv.1
 .text.i2cStart
                0x000000000800eb28       0xd0 /tmp/karlk90_yaemk_moonlanderlike.elf.XW0OFi.ltrans1.ltrans.o
                0x000000000800eb28                i2cStart
 .text.i2cMasterTransmitTimeout
                0x000000000800ebf8      0x148 /tmp/karlk90_yaemk_moonlanderlike.elf.XW0OFi.ltrans1.ltrans.o
                0x000000000800ebf8                i2cMasterTransmitTimeout
 .text.i2cMasterReceiveTimeout
                0x000000000800ed40      0x118 /tmp/karlk90_yaemk_moonlanderlike.elf.XW0OFi.ltrans1.ltrans.o
                0x000000000800ed40                i2cMasterReceiveTimeout
 .text.sdStart  0x000000000800ee58      0x134 /tmp/karlk90_yaemk_moonlanderlike.elf.XW0OFi.ltrans1.ltrans.o
                0x000000000800ee58                sdStart
 .text.usb_lld_init_endpoint
                0x000000000800ef8c       0xfc /tmp/karlk90_yaemk_moonlanderlike.elf.XW0OFi.ltrans1.ltrans.o
                0x000000000800ef8c                usb_lld_init_endpoint
 .text.usb_event_cb.lto_priv.0
                0x000000000800f088      0x480 /tmp/karlk90_yaemk_moonlanderlike.elf.XW0OFi.ltrans1.ltrans.o
                0x000000000800f088                usb_event_cb.lto_priv.0
 .text.VectorA0
                0x000000000800f508       0x5c /tmp/karlk90_yaemk_moonlanderlike.elf.XW0OFi.ltrans1.ltrans.o
                0x000000000800f508                VectorA0
 .text.VectorA4
                0x000000000800f564       0xb8 /tmp/karlk90_yaemk_moonlanderlike.elf.XW0OFi.ltrans1.ltrans.o
                0x000000000800f564                VectorA4
 .text.VectorA8
                0x000000000800f61c       0x5c /tmp/karlk90_yaemk_moonlanderlike.elf.XW0OFi.ltrans1.ltrans.o
                0x000000000800f61c                VectorA8
 .text.VectorAC
                0x000000000800f678       0xb8 /tmp/karlk90_yaemk_moonlanderlike.elf.XW0OFi.ltrans1.ltrans.o
                0x000000000800f678                VectorAC
 .text.Vector6C
                0x000000000800f730       0x80 /tmp/karlk90_yaemk_moonlanderlike.elf.XW0OFi.ltrans1.ltrans.o
                0x000000000800f730                Vector6C
 .text.Vector70
                0x000000000800f7b0       0x84 /tmp/karlk90_yaemk_moonlanderlike.elf.XW0OFi.ltrans1.ltrans.o
                0x000000000800f7b0                Vector70
 .text.Vector74
                0x000000000800f834       0x84 /tmp/karlk90_yaemk_moonlanderlike.elf.XW0OFi.ltrans1.ltrans.o
                0x000000000800f834                Vector74
 .text.Vector78
                0x000000000800f8b8       0x84 /tmp/karlk90_yaemk_moonlanderlike.elf.XW0OFi.ltrans1.ltrans.o
                0x000000000800f8b8                Vector78
 .text.Vector7C
                0x000000000800f93c       0x84 /tmp/karlk90_yaemk_moonlanderlike.elf.XW0OFi.ltrans1.ltrans.o
                0x000000000800f93c                Vector7C
 .text.Vector80
                0x000000000800f9c0       0x84 /tmp/karlk90_yaemk_moonlanderlike.elf.XW0OFi.ltrans1.ltrans.o
                0x000000000800f9c0                Vector80
 .text.Vector84
                0x000000000800fa44       0x84 /tmp/karlk90_yaemk_moonlanderlike.elf.XW0OFi.ltrans1.ltrans.o
                0x000000000800fa44                Vector84
 .text.Vector120
                0x000000000800fac8       0x80 /tmp/karlk90_yaemk_moonlanderlike.elf.XW0OFi.ltrans1.ltrans.o
                0x000000000800fac8                Vector120
 .text.Vector124
                0x000000000800fb48       0x84 /tmp/karlk90_yaemk_moonlanderlike.elf.XW0OFi.ltrans1.ltrans.o
                0x000000000800fb48                Vector124
 .text.Vector128
                0x000000000800fbcc       0x84 /tmp/karlk90_yaemk_moonlanderlike.elf.XW0OFi.ltrans1.ltrans.o
                0x000000000800fbcc                Vector128
 .text.Vector12C
                0x000000000800fc50       0x84 /tmp/karlk90_yaemk_moonlanderlike.elf.XW0OFi.ltrans1.ltrans.o
                0x000000000800fc50                Vector12C
 .text.Vector130
                0x000000000800fcd4       0x84 /tmp/karlk90_yaemk_moonlanderlike.elf.XW0OFi.ltrans1.ltrans.o
                0x000000000800fcd4                Vector130
 .text._pal_lld_setgroupmode
                0x000000000800fd58       0xe0 /tmp/karlk90_yaemk_moonlanderlike.elf.XW0OFi.ltrans1.ltrans.o
                0x000000000800fd58                _pal_lld_setgroupmode
 .text.flush.lto_priv.0
                0x000000000800fe38      0x2f4 /tmp/karlk90_yaemk_moonlanderlike.elf.XW0OFi.ltrans1.ltrans.o
                0x000000000800fe38                flush.lto_priv.0
 .text.VectorBC
                0x000000000801012c      0x21c /tmp/karlk90_yaemk_moonlanderlike.elf.XW0OFi.ltrans1.ltrans.o
                0x000000000801012c                VectorBC
 .text.VectorC0
                0x0000000008010348      0x104 /tmp/karlk90_yaemk_moonlanderlike.elf.XW0OFi.ltrans1.ltrans.o
                0x0000000008010348                VectorC0
 .text.VectorB0
                0x000000000801044c      0x10c /tmp/karlk90_yaemk_moonlanderlike.elf.XW0OFi.ltrans1.ltrans.o
                0x000000000801044c                VectorB0
 .text.VectorDC
                0x0000000008010558      0x2f4 /tmp/karlk90_yaemk_moonlanderlike.elf.XW0OFi.ltrans1.ltrans.o
                0x0000000008010558                VectorDC
 .text.Vector16C
                0x000000000801084c      0x504 /tmp/karlk90_yaemk_moonlanderlike.elf.XW0OFi.ltrans1.ltrans.o
                0x000000000801084c                Vector16C
 .text._read_r  0x0000000008010d50        0xc /tmp/karlk90_yaemk_moonlanderlike.elf.XW0OFi.ltrans1.ltrans.o
                0x0000000008010d50                _read_r
 .text._lseek_r
                0x0000000008010d5c        0x4 /tmp/karlk90_yaemk_moonlanderlike.elf.XW0OFi.ltrans1.ltrans.o
                0x0000000008010d5c                _lseek_r
 .text._write_r
                0x0000000008010d60        0x4 /tmp/karlk90_yaemk_moonlanderlike.elf.XW0OFi.ltrans1.ltrans.o
                0x0000000008010d60                _write_r
 .text._close_r
                0x0000000008010d64        0x4 /tmp/karlk90_yaemk_moonlanderlike.elf.XW0OFi.ltrans1.ltrans.o
                0x0000000008010d64                _close_r
 .text._sbrk_r  0x0000000008010d68       0x44 /tmp/karlk90_yaemk_moonlanderlike.elf.XW0OFi.ltrans1.ltrans.o
                0x0000000008010d68                _sbrk_r
 .text._fstat_r
                0x0000000008010dac       0x18 /tmp/karlk90_yaemk_moonlanderlike.elf.XW0OFi.ltrans1.ltrans.o
                0x0000000008010dac                _fstat_r
 .text._isatty_r
                0x0000000008010dc4        0x4 /tmp/karlk90_yaemk_moonlanderlike.elf.XW0OFi.ltrans1.ltrans.o
                0x0000000008010dc4                _isatty_r
 .text._exit    0x0000000008010dc8       0x14 /tmp/karlk90_yaemk_moonlanderlike.elf.XW0OFi.ltrans1.ltrans.o
                0x0000000008010dc8                _exit
 .text._kill    0x0000000008010ddc        0x8 /tmp/karlk90_yaemk_moonlanderlike.elf.XW0OFi.ltrans1.ltrans.o
                0x0000000008010ddc                _kill
 .text._getpid  0x0000000008010de4        0x4 /tmp/karlk90_yaemk_moonlanderlike.elf.XW0OFi.ltrans1.ltrans.o
                0x0000000008010de4                _getpid
 .text._fini    0x0000000008010de8        0x4 /tmp/karlk90_yaemk_moonlanderlike.elf.XW0OFi.ltrans1.ltrans.o
                0x0000000008010de8                _fini
 .text.effect_runner_dx_dy.constprop.0
                0x0000000008010dec      0x214 /tmp/karlk90_yaemk_moonlanderlike.elf.XW0OFi.ltrans1.ltrans.o
                0x0000000008010dec                effect_runner_dx_dy.constprop.0
 .text.effect_runner_dx_dy_dist.constprop.0
                0x0000000008011000      0x140 /tmp/karlk90_yaemk_moonlanderlike.elf.XW0OFi.ltrans1.ltrans.o
                0x0000000008011000                effect_runner_dx_dy_dist.constprop.0
 .text.effect_runner_sin_cos_i.constprop.0
                0x0000000008011140      0x154 /tmp/karlk90_yaemk_moonlanderlike.elf.XW0OFi.ltrans1.ltrans.o
                0x0000000008011140                effect_runner_sin_cos_i.constprop.0
 .text.effect_runner_i.constprop.0
                0x0000000008011294      0x1f4 /tmp/karlk90_yaemk_moonlanderlike.elf.XW0OFi.ltrans1.ltrans.o
                0x0000000008011294                effect_runner_i.constprop.0
 .text.rgb_matrix_set_color.constprop.0
                0x0000000008011488       0xec /tmp/karlk90_yaemk_moonlanderlike.elf.XW0OFi.ltrans1.ltrans.o
                0x0000000008011488                rgb_matrix_set_color.constprop.0
 .text.snprintf_.constprop.0
                0x0000000008011574       0x28 /tmp/karlk90_yaemk_moonlanderlike.elf.XW0OFi.ltrans1.ltrans.o
                0x0000000008011574                snprintf_.constprop.0
 .text.oled_write_ln.constprop.0
                0x000000000801159c      0x128 /tmp/karlk90_yaemk_moonlanderlike.elf.XW0OFi.ltrans1.ltrans.o
                0x000000000801159c                oled_write_ln.constprop.0
 .text._pal_lld_setgroupmode.constprop.0
                0x00000000080116c4       0x98 /tmp/karlk90_yaemk_moonlanderlike.elf.XW0OFi.ltrans1.ltrans.o
                0x00000000080116c4                _pal_lld_setgroupmode.constprop.0
 .text._pal_lld_setgroupmode.constprop.1
                0x000000000801175c       0x78 /tmp/karlk90_yaemk_moonlanderlike.elf.XW0OFi.ltrans1.ltrans.o
                0x000000000801175c                _pal_lld_setgroupmode.constprop.1
 .text._pal_lld_setgroupmode.constprop.2
                0x00000000080117d4       0x78 /tmp/karlk90_yaemk_moonlanderlike.elf.XW0OFi.ltrans1.ltrans.o
                0x00000000080117d4                _pal_lld_setgroupmode.constprop.2
 .text.usbStop.constprop.0
                0x000000000801184c      0x110 /tmp/karlk90_yaemk_moonlanderlike.elf.XW0OFi.ltrans1.ltrans.o
                0x000000000801184c                usbStop.constprop.0
 .text.perform_space_cadet.constprop.0.isra.0
                0x000000000801195c       0xe4 /tmp/karlk90_yaemk_moonlanderlike.elf.XW0OFi.ltrans1.ltrans.o
                0x000000000801195c                perform_space_cadet.constprop.0.isra.0
 .text.get_event_keycode.isra.0
                0x0000000008011a40      0x140 /tmp/karlk90_yaemk_moonlanderlike.elf.XW0OFi.ltrans1.ltrans.o
                0x0000000008011a40                get_event_keycode.isra.0
 .text.rgb_matrix_mode_eeprom_helper.constprop.0
                0x0000000008011b80       0x78 /tmp/karlk90_yaemk_moonlanderlike.elf.XW0OFi.ltrans1.ltrans.o
                0x0000000008011b80                rgb_matrix_mode_eeprom_helper.constprop.0
 .text.rgb_matrix_step
                0x0000000008011bf8       0x70 /tmp/karlk90_yaemk_moonlanderlike.elf.XW0OFi.ltrans1.ltrans.o
                0x0000000008011bf8                rgb_matrix_step
 .text.rgb_matrix_step_reverse
                0x0000000008011c68       0x7c /tmp/karlk90_yaemk_moonlanderlike.elf.XW0OFi.ltrans1.ltrans.o
                0x0000000008011c68                rgb_matrix_step_reverse
 .text.rgb_matrix_increase_hue
                0x0000000008011ce4       0x54 /tmp/karlk90_yaemk_moonlanderlike.elf.XW0OFi.ltrans1.ltrans.o
                0x0000000008011ce4                rgb_matrix_increase_hue
 .text.rgb_matrix_decrease_hue
                0x0000000008011d38       0x54 /tmp/karlk90_yaemk_moonlanderlike.elf.XW0OFi.ltrans1.ltrans.o
                0x0000000008011d38                rgb_matrix_decrease_hue
 .text.rgb_matrix_increase_sat
                0x0000000008011d8c       0x58 /tmp/karlk90_yaemk_moonlanderlike.elf.XW0OFi.ltrans1.ltrans.o
                0x0000000008011d8c                rgb_matrix_increase_sat
 .text.rgb_matrix_decrease_sat
                0x0000000008011de4       0x54 /tmp/karlk90_yaemk_moonlanderlike.elf.XW0OFi.ltrans1.ltrans.o
                0x0000000008011de4                rgb_matrix_decrease_sat
 .text.rgb_matrix_increase_val
                0x0000000008011e38       0x54 /tmp/karlk90_yaemk_moonlanderlike.elf.XW0OFi.ltrans1.ltrans.o
                0x0000000008011e38                rgb_matrix_increase_val
 .text.rgb_matrix_decrease_val
                0x0000000008011e8c       0x50 /tmp/karlk90_yaemk_moonlanderlike.elf.XW0OFi.ltrans1.ltrans.o
                0x0000000008011e8c                rgb_matrix_decrease_val
 .text.rgb_matrix_decrease_speed
                0x0000000008011edc       0x4c /tmp/karlk90_yaemk_moonlanderlike.elf.XW0OFi.ltrans1.ltrans.o
                0x0000000008011edc                rgb_matrix_decrease_speed
 .text.rgb_matrix_increase_speed
                0x0000000008011f28       0x4c /tmp/karlk90_yaemk_moonlanderlike.elf.XW0OFi.ltrans1.ltrans.o
                0x0000000008011f28                rgb_matrix_increase_speed
 .text.oled_render.part.0
                0x0000000008011f74      0x578 /tmp/karlk90_yaemk_moonlanderlike.elf.XW0OFi.ltrans1.ltrans.o
                0x0000000008011f74                oled_render.part.0
 .text.add_key_to_report.constprop.0
                0x00000000080124ec       0xa8 /tmp/karlk90_yaemk_moonlanderlike.elf.XW0OFi.ltrans1.ltrans.o
                0x00000000080124ec                add_key_to_report.constprop.0
 .text.register_code_P.constprop.0
                0x0000000008012594      0x194 /tmp/karlk90_yaemk_moonlanderlike.elf.XW0OFi.ltrans1.ltrans.o
                0x0000000008012594                register_code_P.constprop.0
 .text.unregister_code_P.constprop.0
                0x0000000008012728      0x10c /tmp/karlk90_yaemk_moonlanderlike.elf.XW0OFi.ltrans1.ltrans.o
                0x0000000008012728                unregister_code_P.constprop.0
 .text.i2c_init
                0x0000000008012834       0x4c .build/obj_karlk90_yaemk_moonlanderlike/i2c_master.a(i2c_master.o)
                0x0000000008012834                i2c_init
 .text.i2c_transmit
                0x0000000008012880       0x70 .build/obj_karlk90_yaemk_moonlanderlike/i2c_master.a(i2c_master.o)
                0x0000000008012880                i2c_transmit
 .text.i2c_receive
                0x00000000080128f0       0x60 .build/obj_karlk90_yaemk_moonlanderlike/i2c_master.a(i2c_master.o)
                0x00000000080128f0                i2c_receive
 .text.i2c_writeReg
                0x0000000008012950       0x9c .build/obj_karlk90_yaemk_moonlanderlike/i2c_master.a(i2c_master.o)
                0x0000000008012950                i2c_writeReg
 .text.SlaveThread
                0x00000000080129ec      0x120 .build/obj_karlk90_yaemk_moonlanderlike/serial_usart.a(serial_usart.o)
 .text.usart_init
                0x0000000008012b0c       0x28 .build/obj_karlk90_yaemk_moonlanderlike/serial_usart.a(serial_usart.o)
                0x0000000008012b0c                usart_init
 .text.usart_master_init
                0x0000000008012b34        0x8 .build/obj_karlk90_yaemk_moonlanderlike/serial_usart.a(serial_usart.o)
                0x0000000008012b34                usart_master_init
 .text.usart_slave_init
                0x0000000008012b3c        0x8 .build/obj_karlk90_yaemk_moonlanderlike/serial_usart.a(serial_usart.o)
                0x0000000008012b3c                usart_slave_init
 .text.soft_serial_target_init
                0x0000000008012b44       0x3c .build/obj_karlk90_yaemk_moonlanderlike/serial_usart.a(serial_usart.o)
                0x0000000008012b44                soft_serial_target_init
 .text.soft_serial_initiator_init
                0x0000000008012b80       0x20 .build/obj_karlk90_yaemk_moonlanderlike/serial_usart.a(serial_usart.o)
                0x0000000008012b80                soft_serial_initiator_init
 .text.soft_serial_transaction
                0x0000000008012ba0      0x1a0 .build/obj_karlk90_yaemk_moonlanderlike/serial_usart.a(serial_usart.o)
                0x0000000008012ba0                soft_serial_transaction
 *(.glue_7t)
 .glue_7t       0x0000000008012d40        0x0 linker stubs
 *(.glue_7)
 .glue_7        0x0000000008012d40        0x0 linker stubs
 *(.gcc*)
                0x0000000008012d40                __text_end__ = .

.vfp11_veneer   0x0000000008012d40        0x0
 .vfp11_veneer  0x0000000008012d40        0x0 linker stubs

.v4_bx          0x0000000008012d40        0x0
 .v4_bx         0x0000000008012d40        0x0 linker stubs

.iplt           0x0000000008012d40        0x0
 .iplt          0x0000000008012d40        0x0 .build/obj_karlk90_yaemk_moonlanderlike/i2c_master.a(i2c_master.o)

.rodata         0x0000000008012d40     0x2100
                0x0000000008012d40                __rodata_base__ = .
 *(.rodata)
 .rodata        0x0000000008012d40        0x3 /tmp/karlk90_yaemk_moonlanderlike.elf.XW0OFi.ltrans0.ltrans.o
 *fill*         0x0000000008012d43        0x1 
 .rodata        0x0000000008012d44      0x101 /usr/lib/gcc/arm-none-eabi/10.3.1/../../../arm-none-eabi/lib/thumb/v7e-m+fp/hard/libg_nano.a(lib_a-ctype_.o)
                0x0000000008012d44                _ctype_
 *fill*         0x0000000008012e45        0x3 
 .rodata        0x0000000008012e48        0x4 /usr/lib/gcc/arm-none-eabi/10.3.1/../../../arm-none-eabi/lib/thumb/v7e-m+fp/hard/libg_nano.a(lib_a-impure.o)
                0x0000000008012e48                _global_impure_ptr
 .rodata        0x0000000008012e4c       0x60 /usr/lib/gcc/arm-none-eabi/10.3.1/../../../arm-none-eabi/lib/thumb/v7e-m+fp/hard/libg_nano.a(lib_a-findfp.o)
                0x0000000008012e4c                __sf_fake_stderr
                0x0000000008012e6c                __sf_fake_stdout
                0x0000000008012e8c                __sf_fake_stdin
 *(.rodata.*)
 .rodata.send_keyboard_report_immediate.part.0.str1.4
                0x0000000008012eac       0x1a /tmp/karlk90_yaemk_moonlanderlike.elf.XW0OFi.ltrans0.ltrans.o
                                         0x1e (size before relaxing)
 *fill*         0x0000000008012ec6        0x2 
 .rodata.transaction_handler_master.str1.4
                0x0000000008012ec8       0x16 /tmp/karlk90_yaemk_moonlanderlike.elf.XW0OFi.ltrans0.ltrans.o
 *fill*         0x0000000008012ede        0x2 
 .rodata.matrix_scan.str1.4
                0x0000000008012ee0       0x93 /tmp/karlk90_yaemk_moonlanderlike.elf.XW0OFi.ltrans0.ltrans.o
 *fill*         0x0000000008012f73        0x1 
 .rodata.encoder_handlers_master.str1.4
                0x0000000008012f74       0x2b /tmp/karlk90_yaemk_moonlanderlike.elf.XW0OFi.ltrans0.ltrans.o
 *fill*         0x0000000008012f9f        0x1 
 .rodata.mousekey_send.str1.4
                0x0000000008012fa0       0x43 /tmp/karlk90_yaemk_moonlanderlike.elf.XW0OFi.ltrans0.ltrans.o
                                         0x47 (size before relaxing)
 *fill*         0x0000000008012fe3        0x1 
 .rodata.process_record.str1.4
                0x0000000008012fe4       0x75 /tmp/karlk90_yaemk_moonlanderlike.elf.XW0OFi.ltrans0.ltrans.o
 *fill*         0x0000000008013059        0x3 
 .rodata.eeconfig_update_rgb_matrix_default.str1.4
                0x000000000801305c       0x24 /tmp/karlk90_yaemk_moonlanderlike.elf.XW0OFi.ltrans0.ltrans.o
 .rodata.matrix_init.str1.4
                0x0000000008013080      0x186 /tmp/karlk90_yaemk_moonlanderlike.elf.XW0OFi.ltrans0.ltrans.o
 *fill*         0x0000000008013206        0x2 
 .rodata.main.str1.4
                0x0000000008013208      0x1eb /tmp/karlk90_yaemk_moonlanderlike.elf.XW0OFi.ltrans0.ltrans.o
                                        0x1ef (size before relaxing)
 *fill*         0x00000000080133f3        0x1 
 .rodata.CIE1931_CURVE
                0x00000000080133f4      0x100 /tmp/karlk90_yaemk_moonlanderlike.elf.XW0OFi.ltrans0.ltrans.o
 .rodata.CSWTCH.10.lto_priv.0
                0x00000000080134f4       0x2e /tmp/karlk90_yaemk_moonlanderlike.elf.XW0OFi.ltrans0.ltrans.o
                0x00000000080134f4                CSWTCH.10.lto_priv.0
 *fill*         0x0000000008013522        0x2 
 .rodata._stm32_dma_streams
                0x0000000008013524       0xc0 /tmp/karlk90_yaemk_moonlanderlike.elf.XW0OFi.ltrans0.ltrans.o
                0x0000000008013524                _stm32_dma_streams
 .rodata.ascii_to_altgr_lut
                0x00000000080135e4       0x10 /tmp/karlk90_yaemk_moonlanderlike.elf.XW0OFi.ltrans0.ltrans.o
 .rodata.ascii_to_keycode_lut
                0x00000000080135f4       0x80 /tmp/karlk90_yaemk_moonlanderlike.elf.XW0OFi.ltrans0.ltrans.o
 .rodata.ascii_to_shift_lut
                0x0000000008013674       0x10 /tmp/karlk90_yaemk_moonlanderlike.elf.XW0OFi.ltrans0.ltrans.o
 .rodata.b_m16_interleave.lto_priv.0
                0x0000000008013684        0x8 /tmp/karlk90_yaemk_moonlanderlike.elf.XW0OFi.ltrans0.ltrans.o
                0x0000000008013684                b_m16_interleave.lto_priv.0
 .rodata.col_pins.lto_priv.0
                0x000000000801368c       0x20 /tmp/karlk90_yaemk_moonlanderlike.elf.XW0OFi.ltrans0.ltrans.o
 .rodata.crc_table
                0x00000000080136ac      0x400 /tmp/karlk90_yaemk_moonlanderlike.elf.XW0OFi.ltrans0.ltrans.o
 .rodata.display_flipped.12
                0x0000000008013aac        0x5 /tmp/karlk90_yaemk_moonlanderlike.elf.XW0OFi.ltrans0.ltrans.o
 *fill*         0x0000000008013ab1        0x3 
 .rodata.display_normal.13
                0x0000000008013ab4        0x5 /tmp/karlk90_yaemk_moonlanderlike.elf.XW0OFi.ltrans0.ltrans.o
 *fill*         0x0000000008013ab9        0x3 
 .rodata.display_off.4
                0x0000000008013abc        0x2 /tmp/karlk90_yaemk_moonlanderlike.elf.XW0OFi.ltrans0.ltrans.o
 *fill*         0x0000000008013abe        0x2 
 .rodata.display_on.5.lto_priv.0
                0x0000000008013ac0        0x2 /tmp/karlk90_yaemk_moonlanderlike.elf.XW0OFi.ltrans0.ltrans.o
                0x0000000008013ac0                display_on.5.lto_priv.0
 *fill*         0x0000000008013ac2        0x2 
 .rodata.display_setup1.14
                0x0000000008013ac4        0xb /tmp/karlk90_yaemk_moonlanderlike.elf.XW0OFi.ltrans0.ltrans.o
 *fill*         0x0000000008013acf        0x1 
 .rodata.display_setup2.11
                0x0000000008013ad0        0xd /tmp/karlk90_yaemk_moonlanderlike.elf.XW0OFi.ltrans0.ltrans.o
 *fill*         0x0000000008013add        0x3 
 .rodata.encoder_LUT
                0x0000000008013ae0       0x10 /tmp/karlk90_yaemk_moonlanderlike.elf.XW0OFi.ltrans0.ltrans.o
 .rodata.ep0config.lto_priv.0
                0x0000000008013af0       0x24 /tmp/karlk90_yaemk_moonlanderlike.elf.XW0OFi.ltrans0.ltrans.o
                0x0000000008013af0                ep0config.lto_priv.0
 .rodata.g_led_config
                0x0000000008013b14      0x140 /tmp/karlk90_yaemk_moonlanderlike.elf.XW0OFi.ltrans0.ltrans.o
                0x0000000008013b14                g_led_config
 .rodata.logo   0x0000000008013c54      0x400 /tmp/karlk90_yaemk_moonlanderlike.elf.XW0OFi.ltrans0.ltrans.o
 .rodata.row_pins
                0x0000000008014054       0x14 /tmp/karlk90_yaemk_moonlanderlike.elf.XW0OFi.ltrans0.ltrans.o
 .rodata.split_shmem
                0x0000000008014068        0x4 /tmp/karlk90_yaemk_moonlanderlike.elf.XW0OFi.ltrans0.ltrans.o
                0x0000000008014068                split_shmem
 .rodata.usbcfg
                0x000000000801406c       0x10 /tmp/karlk90_yaemk_moonlanderlike.elf.XW0OFi.ltrans0.ltrans.o
 .rodata.vmt.lto_priv.0
                0x000000000801407c       0x28 /tmp/karlk90_yaemk_moonlanderlike.elf.XW0OFi.ltrans0.ltrans.o
 .rodata.vmt.lto_priv.1
                0x00000000080140a4       0x28 /tmp/karlk90_yaemk_moonlanderlike.elf.XW0OFi.ltrans0.ltrans.o
 .rodata._exit.str1.4
                0x00000000080140cc        0x5 /tmp/karlk90_yaemk_moonlanderlike.elf.XW0OFi.ltrans1.ltrans.o
 *fill*         0x00000000080140d1        0x3 
 .rodata.rgb_matrix_mode_eeprom_helper.constprop.0.str1.4
                0x00000000080140d4       0x1a /tmp/karlk90_yaemk_moonlanderlike.elf.XW0OFi.ltrans1.ltrans.o
                                         0x22 (size before relaxing)
 .rodata.rgb_matrix_increase_hue.str1.4
                0x00000000080140ee       0x23 /tmp/karlk90_yaemk_moonlanderlike.elf.XW0OFi.ltrans1.ltrans.o
 *fill*         0x00000000080140ee        0x2 
 .rodata.rgb_matrix_decrease_speed.str1.4
                0x00000000080140f0       0x1f /tmp/karlk90_yaemk_moonlanderlike.elf.XW0OFi.ltrans1.ltrans.o
 *fill*         0x000000000801410f        0x1 
 .rodata.oled_render.part.0.str1.4
                0x0000000008014110       0x5b /tmp/karlk90_yaemk_moonlanderlike.elf.XW0OFi.ltrans1.ltrans.o
                                         0x70 (size before relaxing)
 *fill*         0x000000000801416b        0x1 
 .rodata.add_key_to_report.constprop.0.str1.4
                0x000000000801416c       0x1e /tmp/karlk90_yaemk_moonlanderlike.elf.XW0OFi.ltrans1.ltrans.o
 *fill*         0x000000000801418a        0x2 
 .rodata.CSWTCH.1
                0x000000000801418c        0xc /tmp/karlk90_yaemk_moonlanderlike.elf.XW0OFi.ltrans1.ltrans.o
 .rodata.CSWTCH.2
                0x0000000008014198       0x10 /tmp/karlk90_yaemk_moonlanderlike.elf.XW0OFi.ltrans1.ltrans.o
 .rodata.CSWTCH.3
                0x00000000080141a8       0x10 /tmp/karlk90_yaemk_moonlanderlike.elf.XW0OFi.ltrans1.ltrans.o
 .rodata.CSWTCH.4
                0x00000000080141b8        0x8 /tmp/karlk90_yaemk_moonlanderlike.elf.XW0OFi.ltrans1.ltrans.o
 .rodata.ConfigurationDescriptor
                0x00000000080141c0       0x7b /tmp/karlk90_yaemk_moonlanderlike.elf.XW0OFi.ltrans1.ltrans.o
 *fill*         0x000000000801423b        0x1 
 .rodata.ConsoleReport
                0x000000000801423c       0x22 /tmp/karlk90_yaemk_moonlanderlike.elf.XW0OFi.ltrans1.ltrans.o
 *fill*         0x000000000801425e        0x2 
 .rodata.DeviceDescriptor
                0x0000000008014260       0x12 /tmp/karlk90_yaemk_moonlanderlike.elf.XW0OFi.ltrans1.ltrans.o
 *fill*         0x0000000008014272        0x2 
 .rodata.KeyboardReport
                0x0000000008014274       0x40 /tmp/karlk90_yaemk_moonlanderlike.elf.XW0OFi.ltrans1.ltrans.o
 .rodata.LanguageString
                0x00000000080142b4        0x4 /tmp/karlk90_yaemk_moonlanderlike.elf.XW0OFi.ltrans1.ltrans.o
 .rodata.ManufacturerString
                0x00000000080142b8       0x12 /tmp/karlk90_yaemk_moonlanderlike.elf.XW0OFi.ltrans1.ltrans.o
 *fill*         0x00000000080142ca        0x2 
 .rodata.ProductString
                0x00000000080142cc       0x1e /tmp/karlk90_yaemk_moonlanderlike.elf.XW0OFi.ltrans1.ltrans.o
 *fill*         0x00000000080142ea        0x2 
 .rodata.RawReport
                0x00000000080142ec       0x22 /tmp/karlk90_yaemk_moonlanderlike.elf.XW0OFi.ltrans1.ltrans.o
 *fill*         0x000000000801430e        0x2 
 .rodata.SharedReport
                0x0000000008014310       0xb6 /tmp/karlk90_yaemk_moonlanderlike.elf.XW0OFi.ltrans1.ltrans.o
 *fill*         0x00000000080143c6        0x2 
 .rodata.active_status
                0x00000000080143c8        0x2 /tmp/karlk90_yaemk_moonlanderlike.elf.XW0OFi.ltrans1.ltrans.o
 *fill*         0x00000000080143ca        0x2 
 .rodata.font   0x00000000080143cc      0x540 /tmp/karlk90_yaemk_moonlanderlike.elf.XW0OFi.ltrans1.ltrans.o
 .rodata.halted_status
                0x000000000801490c        0x2 /tmp/karlk90_yaemk_moonlanderlike.elf.XW0OFi.ltrans1.ltrans.o
 *fill*         0x000000000801490e        0x2 
 .rodata.kbd_ep_config
                0x0000000008014910       0x24 /tmp/karlk90_yaemk_moonlanderlike.elf.XW0OFi.ltrans1.ltrans.o
 .rodata.keymaps
                0x0000000008014934      0x280 /tmp/karlk90_yaemk_moonlanderlike.elf.XW0OFi.ltrans1.ltrans.o
 .rodata.ram_areas
                0x0000000008014bb4       0x80 /tmp/karlk90_yaemk_moonlanderlike.elf.XW0OFi.ltrans1.ltrans.o
 .rodata.shared_ep_config
                0x0000000008014c34       0x24 /tmp/karlk90_yaemk_moonlanderlike.elf.XW0OFi.ltrans1.ltrans.o
 .rodata.source_map.8
                0x0000000008014c58        0x8 /tmp/karlk90_yaemk_moonlanderlike.elf.XW0OFi.ltrans1.ltrans.o
 .rodata.target_map.7
                0x0000000008014c60        0x8 /tmp/karlk90_yaemk_moonlanderlike.elf.XW0OFi.ltrans1.ltrans.o
 .rodata.ws2812_pwm_config.1
                0x0000000008014c68       0x44 /tmp/karlk90_yaemk_moonlanderlike.elf.XW0OFi.ltrans1.ltrans.o
 .rodata.zero_status
                0x0000000008014cac        0x2 /tmp/karlk90_yaemk_moonlanderlike.elf.XW0OFi.ltrans1.ltrans.o
 *fill*         0x0000000008014cae        0x2 
 .rodata.i2cconfig
                0x0000000008014cb0        0xc .build/obj_karlk90_yaemk_moonlanderlike/i2c_master.a(i2c_master.o)
 .rodata.soft_serial_transaction.str1.4
                0x0000000008014cbc       0xb9 .build/obj_karlk90_yaemk_moonlanderlike/serial_usart.a(serial_usart.o)
 *fill*         0x0000000008014d75        0x3 
 .rodata.str1.4
                0x0000000008014d78       0x4a /usr/lib/gcc/arm-none-eabi/10.3.1/../../../arm-none-eabi/lib/thumb/v7e-m+fp/hard/libg_nano.a(lib_a-rand.o)
 *fill*         0x0000000008014dc2        0x2 
 .rodata.str1.4
                0x0000000008014dc4       0x3f /usr/lib/gcc/arm-none-eabi/10.3.1/../../../arm-none-eabi/lib/thumb/v7e-m+fp/hard/libg_nano.a(lib_a-assert.o)
                                         0x43 (size before relaxing)
 *fill*         0x0000000008014e03        0x1 
 .rodata.str1.4
                0x0000000008014e04       0x13 /usr/lib/gcc/arm-none-eabi/10.3.1/../../../arm-none-eabi/lib/thumb/v7e-m+fp/hard/libg_nano.a(lib_a-nano-vfprintf.o)
 *fill*         0x0000000008014e17        0x1 
 .rodata.str1.4
                0x0000000008014e18       0x25 /usr/lib/gcc/arm-none-eabi/10.3.1/../../../arm-none-eabi/lib/thumb/v7e-m+fp/hard/libg_nano.a(lib_a-nano-vfprintf_i.o)
                0x0000000008014e40                . = ALIGN (0x4)
 *fill*         0x0000000008014e3d        0x3 
                0x0000000008014e40                __rodata_end__ = .

.ARM.extab
 *(.ARM.extab* .gnu.linkonce.armextab.*)

.ARM.exidx      0x0000000008014e40        0x8
                0x0000000008014e40                __exidx_base__ = .
                0x0000000008014e40                __exidx_start = .
 *(.ARM.exidx* .gnu.linkonce.armexidx.*)
 .ARM.exidx     0x0000000008014e40        0x8 /usr/lib/gcc/arm-none-eabi/10.3.1/thumb/v7e-m+fp/hard/libgcc.a(_udivmoddi4.o)
                0x0000000008014e48                __exidx_end__ = .
                0x0000000008014e48                __exidx_end = .

.rel.dyn        0x0000000008014e48        0x0
 .rel.iplt      0x0000000008014e48        0x0 .build/obj_karlk90_yaemk_moonlanderlike/i2c_master.a(i2c_master.o)

.eh_frame_hdr
 *(.eh_frame_hdr)

.eh_frame
 *(.eh_frame)

.data           0x0000000020000c00      0x3f0 load address 0x0000000008014e48
                [!provide]                        PROVIDE (_textdata = LOADADDR (.data))
                [!provide]                        PROVIDE (_data = .)
                0x0000000008014e48                __textdata_base__ = LOADADDR (.data)
                0x0000000020000c00                __data_base__ = .
 *(.data)
 .data          0x0000000020000c00       0x64 /usr/lib/gcc/arm-none-eabi/10.3.1/../../../arm-none-eabi/lib/thumb/v7e-m+fp/hard/libg_nano.a(lib_a-impure.o)
                0x0000000020000c00                _impure_ptr
 *(.data.*)
 .data.chibios_driver
                0x0000000020000c64       0x18 /tmp/karlk90_yaemk_moonlanderlike.elf.XW0OFi.ltrans0.ltrans.o
 *fill*         0x0000000020000c7c        0x4 
 .data.drivers.lto_priv.0
                0x0000000020000c80      0x2a8 /tmp/karlk90_yaemk_moonlanderlike.elf.XW0OFi.ltrans0.ltrans.o
                0x0000000020000c80                drivers.lto_priv.0
 .data.encoders_pad_a
                0x0000000020000f28        0x4 /tmp/karlk90_yaemk_moonlanderlike.elf.XW0OFi.ltrans0.ltrans.o
 .data.encoders_pad_b
                0x0000000020000f2c        0x4 /tmp/karlk90_yaemk_moonlanderlike.elf.XW0OFi.ltrans0.ltrans.o
 .data.func     0x0000000020000f30        0x4 /tmp/karlk90_yaemk_moonlanderlike.elf.XW0OFi.ltrans0.ltrans.o
 .data.isLeftHand
                0x0000000020000f34        0x1 /tmp/karlk90_yaemk_moonlanderlike.elf.XW0OFi.ltrans0.ltrans.o
 *fill*         0x0000000020000f35        0x1 
 .data.keyboard_protocol
                0x0000000020000f36        0x1 /tmp/karlk90_yaemk_moonlanderlike.elf.XW0OFi.ltrans0.ltrans.o
                0x0000000020000f36                keyboard_protocol
 .data.last_state.0
                0x0000000020000f37        0x1 /tmp/karlk90_yaemk_moonlanderlike.elf.XW0OFi.ltrans0.ltrans.o
 .data.rgb_effect_params.lto_priv.0
                0x0000000020000f38        0x3 /tmp/karlk90_yaemk_moonlanderlike.elf.XW0OFi.ltrans0.ltrans.o
                0x0000000020000f38                rgb_effect_params.lto_priv.0
 .data.rgb_last_effect
                0x0000000020000f3b        0x1 /tmp/karlk90_yaemk_moonlanderlike.elf.XW0OFi.ltrans0.ltrans.o
 .data.rgb_last_enable
                0x0000000020000f3c        0x1 /tmp/karlk90_yaemk_moonlanderlike.elf.XW0OFi.ltrans0.ltrans.o
 .data.rgb_task_state.lto_priv.0
                0x0000000020000f3d        0x1 /tmp/karlk90_yaemk_moonlanderlike.elf.XW0OFi.ltrans0.ltrans.o
                0x0000000020000f3d                rgb_task_state.lto_priv.0
 *fill*         0x0000000020000f3e        0x2 
 .data.split_transaction_table
                0x0000000020000f40       0x90 /tmp/karlk90_yaemk_moonlanderlike.elf.XW0OFi.ltrans0.ltrans.o
                0x0000000020000f40                split_transaction_table
 .data.display_start.10
                0x0000000020000fd0        0x4 /tmp/karlk90_yaemk_moonlanderlike.elf.XW0OFi.ltrans1.ltrans.o
 .data.linecoding
                0x0000000020000fd4        0x7 /tmp/karlk90_yaemk_moonlanderlike.elf.XW0OFi.ltrans1.ltrans.o
 *fill*         0x0000000020000fdb        0x1 
 .data.serial_config
                0x0000000020000fdc       0x10 .build/obj_karlk90_yaemk_moonlanderlike/serial_usart.a(serial_usart.o)
 .data.serial_driver
                0x0000000020000fec        0x4 .build/obj_karlk90_yaemk_moonlanderlike/serial_usart.a(serial_usart.o)
 *(.ramtext)
                0x0000000020000ff0                . = ALIGN (0x4)
                [!provide]                        PROVIDE (_edata = .)
                0x0000000020000ff0                __data_end__ = .

.igot.plt       0x0000000020000ff0        0x0 load address 0x0000000008015238
 .igot.plt      0x0000000020000ff0        0x0 .build/obj_karlk90_yaemk_moonlanderlike/i2c_master.a(i2c_master.o)

.bss            0x0000000020000ff0     0x32b4 load address 0x0000000008015238
                0x0000000020000ff0                __bss_base__ = .
 *(.bss)
 .bss           0x0000000020000ff0        0x8 /usr/lib/gcc/arm-none-eabi/10.3.1/../../../arm-none-eabi/lib/thumb/v7e-m+fp/hard/libg_nano.a(lib_a-nano-mallocr.o)
                0x0000000020000ff0                __malloc_free_list
                0x0000000020000ff4                __malloc_sbrk_start
 .bss           0x0000000020000ff8        0x4 /usr/lib/gcc/arm-none-eabi/10.3.1/../../../arm-none-eabi/lib/thumb/v7e-m+fp/hard/libg_nano.a(lib_a-reent.o)
                0x0000000020000ff8                errno
 *(.bss.*)
 .bss.PWMD1     0x0000000020000ffc       0x1c /tmp/karlk90_yaemk_moonlanderlike.elf.XW0OFi.ltrans0.ltrans.o
                0x0000000020000ffc                PWMD1
 .bss.USBD1     0x0000000020001018       0x88 /tmp/karlk90_yaemk_moonlanderlike.elf.XW0OFi.ltrans0.ltrans.o
                0x0000000020001018                USBD1
 .bss.__compound_literal.0